<html>
<body>
<pre>
<h1>µVision Build Log</h1>
<h2>Tool Versions:</h2>
IDE-Version: µVision V5.24.2.0
Copyright (C) 2017 ARM Ltd and ARM Germany GmbH. All rights reserved.
License Information: ChAoS UnItY, Lockwood, LIC=----
 
Tool Versions:
Toolchain:       MDK-Lite  Version: 5.24.1
Toolchain Path:  C:\Keil_v5\ARM\ARMCC\Bin
C Compiler:      Armcc.exe V5.06 update 5 (build 528)
Assembler:       Armasm.exe V5.06 update 5 (build 528)
Linker/Locator:  ArmLink.exe V5.06 update 5 (build 528)
Library Manager: ArmAr.exe V5.06 update 5 (build 528)
Hex Converter:   FromElf.exe V5.06 update 5 (build 528)
CPU DLL:         SARMCM3.DLL V5.24.1
Dialog DLL:      DARMCM1.DLL V1.18.0.0
Target DLL:      Nu_Link.dll V3.02
Dialog DLL:      TARMCM1.DLL V1.13.0.0
 
<h2>Project:</h2>
c:\Users\USER\projects\microprocessor\labs\Lab7-1\KEIL\Nu-LB-NUC140.uvprojx
Project File Date:  11/12/2024

<h2>Output:</h2>
*** Using Compiler 'V5.06 update 5 (build 528)', folder: 'C:\Keil_v5\ARM\ARMCC\Bin'
Build target 'LCD'
creating preprocessor file for system_NUC100Series.c...
assembling startup_NUC100Series.s...
creating preprocessor file for clk.c...
creating preprocessor file for gpio.c...
compiling system_NUC100Series.c...
creating preprocessor file for Scankey.c...
compiling clk.c...
creating preprocessor file for Seven_Segment.c...
compiling gpio.c...
creating preprocessor file for sys.c...
compiling Scankey.c...
creating preprocessor file for spi.c...
compiling Seven_Segment.c...
creating preprocessor file for uart.c...
compiling sys.c...
creating preprocessor file for main.c...
compiling spi.c...
creating preprocessor file for SYS_init.c...
compiling uart.c...
creating preprocessor file for LCD.c...
compiling main.c...
creating preprocessor file for Scankey.c...
compiling SYS_init.c...
creating preprocessor file for Draw2D.c...
compiling LCD.c...
compiling Scankey.c...
compiling Draw2D.c...
linking...
.\obj\LCD.axf: Warning: L6304W: Duplicate input file .\obj\scankey_1.o ignored.
Program Size: Code=3064 RO-data=280 RW-data=64 ZI-data=2048  
Finished: 0 information, 1 warning and 0 error messages.
After Build - User command #1: fromelf --bin ".\obj\LCD.axf" --output ".\obj\LCD.bin"
After Build - User command #2: fromelf --text -c ".\obj\LCD.axf" --output ".\obj\LCD.txt"
".\obj\LCD.axf" - 0 Error(s), 1 Warning(s).

<h2>Software Packages used:</h2>

Package Vendor: Nuvoton
                http://www.nuvoton.com/enu/Documents/KEILSoftwarePack/Nuvoton.NuMicro_DFP.1.3.7.pack
                Nuvoton.NuMicro_DFP.1.3.7
                Nuvoton ARM Cortex-M NuMicro Family Device Support

<h2>Collection of Component include folders:</h2>
  .\RTE\_LCD
  C:\Keil_v5\ARM\PACK\Nuvoton\NuMicro_DFP\1.3.7\Device\NUC100\Include

<h2>Collection of Component Files used:</h2>
Build Time Elapsed:  00:00:02
</pre>
</body>
</html>
