Component: ARM Compiler 5.06 update 5 (build 528) Tool: armlink [4d35e2]

==============================================================================

Small function inlining results

Inlined total of 0 calls.

==============================================================================

Section Cross References

    system_nuc100series.o(i.SystemCoreClockUpdate) refers to uidiv.o(.text) for __aeabi_uidivmod
    system_nuc100series.o(i.SystemCoreClockUpdate) refers to system_nuc100series.o(.data) for .data
    startup_nuc100series.o(RESET) refers to startup_nuc100series.o(STACK) for __initial_sp
    startup_nuc100series.o(RESET) refers to startup_nuc100series.o(.text) for Reset_Handler
    startup_nuc100series.o(RESET) refers to main.o(i.EINT1_IRQHandler) for EINT1_IRQHandler
    startup_nuc100series.o(RESET) refers to main.o(i.GPAB_IRQHandler) for GPAB_IRQHandler
    startup_nuc100series.o(.text) refers to system_nuc100series.o(i.SystemInit) for SystemInit
    startup_nuc100series.o(.text) refers to entry.o(.ARM.Collect$$$$00000000) for __main
    clk.o(i.CLK_DisableCKO) refers to clk.o(i.CLK_DisableModuleClock) for CLK_DisableModuleClock
    clk.o(i.CLK_DisableModuleClock) refers to clk.o(.constdata) for .constdata
    clk.o(i.CLK_EnableCKO) refers to clk.o(i.CLK_EnableModuleClock) for CLK_EnableModuleClock
    clk.o(i.CLK_EnableCKO) refers to clk.o(i.CLK_SetModuleClock) for CLK_SetModuleClock
    clk.o(i.CLK_EnableModuleClock) refers to clk.o(.constdata) for .constdata
    clk.o(i.CLK_EnablePLL) refers to clk.o(i.CLK_WaitClockReady) for CLK_WaitClockReady
    clk.o(i.CLK_EnablePLL) refers to uidiv.o(.text) for __aeabi_uidivmod
    clk.o(i.CLK_GetCPUFreq) refers to system_nuc100series.o(i.SystemCoreClockUpdate) for SystemCoreClockUpdate
    clk.o(i.CLK_GetCPUFreq) refers to system_nuc100series.o(.data) for SystemCoreClock
    clk.o(i.CLK_GetHCLKFreq) refers to system_nuc100series.o(i.SystemCoreClockUpdate) for SystemCoreClockUpdate
    clk.o(i.CLK_GetHCLKFreq) refers to system_nuc100series.o(.data) for SystemCoreClock
    clk.o(i.CLK_GetPCLKFreq) refers to system_nuc100series.o(i.SystemCoreClockUpdate) for SystemCoreClockUpdate
    clk.o(i.CLK_GetPCLKFreq) refers to system_nuc100series.o(.data) for SystemCoreClock
    clk.o(i.CLK_SetCoreClock) refers to clk.o(i.CLK_EnablePLL) for CLK_EnablePLL
    clk.o(i.CLK_SetCoreClock) refers to clk.o(i.CLK_SetHCLK) for CLK_SetHCLK
    clk.o(i.CLK_SetHCLK) refers to system_nuc100series.o(i.SystemCoreClockUpdate) for SystemCoreClockUpdate
    clk.o(i.CLK_SetModuleClock) refers to clk.o(.constdata) for .constdata
    lcd_1.o(i.OpenKeyPad) refers to gpio.o(i.GPIO_SetMode) for GPIO_SetMode
    seven_segment.o(i.OpenSevenSegment) refers to gpio.o(i.GPIO_SetMode) for GPIO_SetMode
    seven_segment.o(i.ShowSevenSegment) refers to seven_segment.o(i.__ARM_common_switch8) for __ARM_common_switch8
    seven_segment.o(i.ShowSevenSegment) refers to seven_segment.o(.data) for .data
    spi.o(i.CLK_GetPLLClockFreq) refers to uidiv.o(.text) for __aeabi_uidivmod
    spi.o(i.SPI_GetBusClock) refers to clk.o(i.CLK_GetHCLKFreq) for CLK_GetHCLKFreq
    spi.o(i.SPI_GetBusClock) refers to spi.o(i.CLK_GetPLLClockFreq) for CLK_GetPLLClockFreq
    spi.o(i.SPI_GetBusClock) refers to uidiv.o(.text) for __aeabi_uidivmod
    spi.o(i.SPI_Open) refers to clk.o(i.CLK_GetHCLKFreq) for CLK_GetHCLKFreq
    spi.o(i.SPI_Open) refers to spi.o(i.CLK_GetPLLClockFreq) for CLK_GetPLLClockFreq
    spi.o(i.SPI_Open) refers to uidiv.o(.text) for __aeabi_uidivmod
    spi.o(i.SPI_SetBusClock) refers to clk.o(i.CLK_GetHCLKFreq) for CLK_GetHCLKFreq
    spi.o(i.SPI_SetBusClock) refers to spi.o(i.CLK_GetPLLClockFreq) for CLK_GetPLLClockFreq
    spi.o(i.SPI_SetBusClock) refers to uidiv.o(.text) for __aeabi_uidivmod
    uart.o(i.CLK_GetPLLClockFreq) refers to uidiv.o(.text) for __aeabi_uidivmod
    uart.o(i.UART_Open) refers to uart.o(i.CLK_GetPLLClockFreq) for CLK_GetPLLClockFreq
    uart.o(i.UART_Open) refers to uidiv.o(.text) for __aeabi_uidivmod
    uart.o(i.UART_Open) refers to uart.o(.constdata) for .constdata
    uart.o(i.UART_SelectIrDAMode) refers to uart.o(i.CLK_GetPLLClockFreq) for CLK_GetPLLClockFreq
    uart.o(i.UART_SelectIrDAMode) refers to uidiv.o(.text) for __aeabi_uidivmod
    uart.o(i.UART_SelectIrDAMode) refers to uart.o(.constdata) for .constdata
    uart.o(i.UART_SetLine_Config) refers to uart.o(i.CLK_GetPLLClockFreq) for CLK_GetPLLClockFreq
    uart.o(i.UART_SetLine_Config) refers to uidiv.o(.text) for __aeabi_uidivmod
    uart.o(i.UART_SetLine_Config) refers to uart.o(.constdata) for .constdata
    main.o(i.EINT1_IRQHandler) refers to main.o(.data) for .data
    main.o(i.GPAB_IRQHandler) refers to main.o(i.reset_state) for reset_state
    main.o(i.Init_GPIO) refers to gpio.o(i.GPIO_SetMode) for GPIO_SetMode
    main.o(i.Init_GPIO) refers to main.o(i.UpdateAllLEDs) for UpdateAllLEDs
    main.o(i.Init_Key) refers to gpio.o(i.GPIO_SetMode) for GPIO_SetMode
    main.o(i.Init_Key) refers to gpio.o(i.GPIO_EnableInt) for GPIO_EnableInt
    main.o(i.ToggleLED) refers to main.o(.data) for .data
    main.o(i.UpdateAllLEDs) refers to main.o(.data) for .data
    main.o(i.evaluate) refers to main.o(i.ToggleLED) for ToggleLED
    main.o(i.evaluate) refers to main.o(.data) for .data
    main.o(i.init_extint) refers to gpio.o(i.GPIO_SetMode) for GPIO_SetMode
    main.o(i.init_extint) refers to gpio.o(i.GPIO_EnableInt) for GPIO_EnableInt
    main.o(i.main) refers to sys_init.o(i.SYS_Init) for SYS_Init
    main.o(i.main) refers to main.o(i.init_extint) for init_extint
    main.o(i.main) refers to main.o(i.Init_Key) for Init_Key
    main.o(i.main) refers to main.o(i.Init_GPIO) for Init_GPIO
    main.o(i.main) refers to lcd.o(i.init_LCD) for init_LCD
    main.o(i.main) refers to lcd.o(i.clear_LCD) for clear_LCD
    main.o(i.main) refers to main.o(i.reset_state) for reset_state
    main.o(i.main) refers to main.o(i.show) for show
    main.o(i.main) refers to main.o(i.evaluate) for evaluate
    main.o(i.reset_state) refers to main.o(i.UpdateAllLEDs) for UpdateAllLEDs
    main.o(i.reset_state) refers to rand.o(.text) for rand
    main.o(i.reset_state) refers to idiv.o(.text) for __aeabi_idivmod
    main.o(i.reset_state) refers to main.o(.data) for .data
    main.o(i.show) refers to lcd.o(i.print_Line) for print_Line
    main.o(i.show) refers to printf1.o(i.__0sprintf$1) for __2sprintf
    main.o(i.show) refers to lcd.o(i.printS) for printS
    main.o(i.show) refers to main.o(.data) for .data
    sys_init.o(i.SYS_Init) refers to clk.o(i.CLK_EnableXtalRC) for CLK_EnableXtalRC
    sys_init.o(i.SYS_Init) refers to clk.o(i.CLK_WaitClockReady) for CLK_WaitClockReady
    sys_init.o(i.SYS_Init) refers to clk.o(i.CLK_SetCoreClock) for CLK_SetCoreClock
    sys_init.o(i.SYS_Init) refers to clk.o(i.CLK_EnableModuleClock) for CLK_EnableModuleClock
    sys_init.o(i.SYS_Init) refers to clk.o(i.CLK_SetModuleClock) for CLK_SetModuleClock
    lcd.o(i.clear_LCD) refers to lcd.o(i.lcdSetAddr) for lcdSetAddr
    lcd.o(i.clear_LCD) refers to lcd.o(i.lcdWriteData) for lcdWriteData
    lcd.o(i.clear_LCD) refers to lcd.o(.bss) for .bss
    lcd.o(i.draw_Bmp120x8) refers to lcd.o(i.draw_Pixel) for draw_Pixel
    lcd.o(i.draw_Bmp16x16) refers to lcd.o(i.draw_Pixel) for draw_Pixel
    lcd.o(i.draw_Bmp16x24) refers to lcd.o(i.draw_Pixel) for draw_Pixel
    lcd.o(i.draw_Bmp16x32) refers to lcd.o(i.draw_Pixel) for draw_Pixel
    lcd.o(i.draw_Bmp16x40) refers to lcd.o(i.draw_Pixel) for draw_Pixel
    lcd.o(i.draw_Bmp16x48) refers to lcd.o(i.draw_Pixel) for draw_Pixel
    lcd.o(i.draw_Bmp16x64) refers to lcd.o(i.draw_Pixel) for draw_Pixel
    lcd.o(i.draw_Bmp16x8) refers to lcd.o(i.draw_Pixel) for draw_Pixel
    lcd.o(i.draw_Bmp32x16) refers to lcd.o(i.draw_Pixel) for draw_Pixel
    lcd.o(i.draw_Bmp32x32) refers to lcd.o(i.draw_Pixel) for draw_Pixel
    lcd.o(i.draw_Bmp32x48) refers to lcd.o(i.draw_Pixel) for draw_Pixel
    lcd.o(i.draw_Bmp32x64) refers to lcd.o(i.draw_Pixel) for draw_Pixel
    lcd.o(i.draw_Bmp32x8) refers to lcd.o(i.draw_Pixel) for draw_Pixel
    lcd.o(i.draw_Bmp64x64) refers to lcd.o(i.draw_Pixel) for draw_Pixel
    lcd.o(i.draw_Bmp8x16) refers to lcd.o(i.draw_Pixel) for draw_Pixel
    lcd.o(i.draw_Bmp8x8) refers to lcd.o(i.draw_Pixel) for draw_Pixel
    lcd.o(i.draw_LCD) refers to lcd.o(i.lcdSetAddr) for lcdSetAddr
    lcd.o(i.draw_LCD) refers to lcd.o(i.lcdWriteData) for lcdWriteData
    lcd.o(i.draw_Pixel) refers to lcd.o(i.lcdSetAddr) for lcdSetAddr
    lcd.o(i.draw_Pixel) refers to lcd.o(i.lcdWriteData) for lcdWriteData
    lcd.o(i.draw_Pixel) refers to lcd.o(.bss) for .bss
    lcd.o(i.init_LCD) refers to lcd.o(i.init_SPI3) for init_SPI3
    lcd.o(i.init_LCD) refers to lcd.o(i.lcdWriteCommand) for lcdWriteCommand
    lcd.o(i.init_SPI3) refers to spi.o(i.SPI_Open) for SPI_Open
    lcd.o(i.init_SPI3) refers to spi.o(i.SPI_DisableAutoSS) for SPI_DisableAutoSS
    lcd.o(i.printC) refers to lcd.o(i.lcdSetAddr) for lcdSetAddr
    lcd.o(i.printC) refers to lcd.o(i.lcdWriteData) for lcdWriteData
    lcd.o(i.printC) refers to lcd.o(.data) for .data
    lcd.o(i.printC_5x7) refers to lcd.o(i.lcdSetAddr) for lcdSetAddr
    lcd.o(i.printC_5x7) refers to lcd.o(i.lcdWriteData) for lcdWriteData
    lcd.o(i.printC_5x7) refers to lcd.o(.data) for .data
    lcd.o(i.printS) refers to lcd.o(i.printC) for printC
    lcd.o(i.printS) refers to strlen.o(.text) for strlen
    lcd.o(i.printS_5x7) refers to lcd.o(i.printC_5x7) for printC_5x7
    lcd.o(i.printS_5x7) refers to strlen.o(.text) for strlen
    lcd.o(i.print_Line) refers to lcd.o(i.printC) for printC
    lcd.o(i.print_Line) refers to strlen.o(.text) for strlen
    entry.o(.ARM.Collect$$$$00000000) refers (Special) to entry10a.o(.ARM.Collect$$$$0000000D) for __rt_final_cpp
    entry.o(.ARM.Collect$$$$00000000) refers (Special) to entry11a.o(.ARM.Collect$$$$0000000F) for __rt_final_exit
    entry.o(.ARM.Collect$$$$00000000) refers (Special) to entry7b.o(.ARM.Collect$$$$00000008) for _main_clock
    entry.o(.ARM.Collect$$$$00000000) refers (Special) to entry8b.o(.ARM.Collect$$$$0000000A) for _main_cpp_init
    entry.o(.ARM.Collect$$$$00000000) refers (Special) to entry9a.o(.ARM.Collect$$$$0000000B) for _main_init
    entry.o(.ARM.Collect$$$$00000000) refers (Special) to entry5.o(.ARM.Collect$$$$00000004) for _main_scatterload
    entry.o(.ARM.Collect$$$$00000000) refers (Special) to entry2.o(.ARM.Collect$$$$00000001) for _main_stk
    idiv.o(.text) refers to uidiv.o(.text) for __aeabi_uidivmod
    rand.o(.text) refers to rand.o(.data) for .data
    printfb.o(i.__0fprintf$bare) refers to printfb.o(i._printf_core) for _printf_core
    printfb.o(i.__0fprintf$bare) refers to fputc.o(i.fputc) for fputc
    printfb.o(i.__0printf$bare) refers to printfb.o(i._printf_core) for _printf_core
    printfb.o(i.__0printf$bare) refers to fputc.o(i.fputc) for fputc
    printfb.o(i.__0printf$bare) refers to stdout.o(.data) for __stdout
    printfb.o(i.__0snprintf$bare) refers to printfb.o(i._printf_core) for _printf_core
    printfb.o(i.__0snprintf$bare) refers to printfb.o(i._snputc) for _snputc
    printfb.o(i.__0sprintf$bare) refers to printfb.o(i._printf_core) for _printf_core
    printfb.o(i.__0sprintf$bare) refers to printfb.o(i._sputc) for _sputc
    printfb.o(i.__0vfprintf$bare) refers to printfb.o(i._printf_core) for _printf_core
    printfb.o(i.__0vfprintf$bare) refers to fputc.o(i.fputc) for fputc
    printfb.o(i.__0vprintf$bare) refers to printfb.o(i._printf_core) for _printf_core
    printfb.o(i.__0vprintf$bare) refers to fputc.o(i.fputc) for fputc
    printfb.o(i.__0vprintf$bare) refers to stdout.o(.data) for __stdout
    printfb.o(i.__0vsnprintf$bare) refers to printfb.o(i._printf_core) for _printf_core
    printfb.o(i.__0vsnprintf$bare) refers to printfb.o(i._snputc) for _snputc
    printfb.o(i.__0vsprintf$bare) refers to printfb.o(i._printf_core) for _printf_core
    printfb.o(i.__0vsprintf$bare) refers to printfb.o(i._sputc) for _sputc
    printf0.o(i.__0fprintf$0) refers to printf0.o(i._printf_core) for _printf_core
    printf0.o(i.__0fprintf$0) refers to fputc.o(i.fputc) for fputc
    printf0.o(i.__0printf$0) refers to printf0.o(i._printf_core) for _printf_core
    printf0.o(i.__0printf$0) refers to fputc.o(i.fputc) for fputc
    printf0.o(i.__0printf$0) refers to stdout.o(.data) for __stdout
    printf0.o(i.__0snprintf$0) refers to printf0.o(i._printf_core) for _printf_core
    printf0.o(i.__0snprintf$0) refers to printf0.o(i._snputc) for _snputc
    printf0.o(i.__0sprintf$0) refers to printf0.o(i._printf_core) for _printf_core
    printf0.o(i.__0sprintf$0) refers to printf0.o(i._sputc) for _sputc
    printf0.o(i.__0vfprintf$0) refers to printf0.o(i._printf_core) for _printf_core
    printf0.o(i.__0vfprintf$0) refers to fputc.o(i.fputc) for fputc
    printf0.o(i.__0vprintf$0) refers to printf0.o(i._printf_core) for _printf_core
    printf0.o(i.__0vprintf$0) refers to fputc.o(i.fputc) for fputc
    printf0.o(i.__0vprintf$0) refers to stdout.o(.data) for __stdout
    printf0.o(i.__0vsnprintf$0) refers to printf0.o(i._printf_core) for _printf_core
    printf0.o(i.__0vsnprintf$0) refers to printf0.o(i._snputc) for _snputc
    printf0.o(i.__0vsprintf$0) refers to printf0.o(i._printf_core) for _printf_core
    printf0.o(i.__0vsprintf$0) refers to printf0.o(i._sputc) for _sputc
    printf1.o(i.__0fprintf$1) refers to printf1.o(i._printf_core) for _printf_core
    printf1.o(i.__0fprintf$1) refers to fputc.o(i.fputc) for fputc
    printf1.o(i.__0printf$1) refers to printf1.o(i._printf_core) for _printf_core
    printf1.o(i.__0printf$1) refers to fputc.o(i.fputc) for fputc
    printf1.o(i.__0printf$1) refers to stdout.o(.data) for __stdout
    printf1.o(i.__0snprintf$1) refers to printf1.o(i._printf_core) for _printf_core
    printf1.o(i.__0snprintf$1) refers to printf1.o(i._snputc) for _snputc
    printf1.o(i.__0sprintf$1) refers to printf1.o(i._printf_core) for _printf_core
    printf1.o(i.__0sprintf$1) refers to printf1.o(i._sputc) for _sputc
    printf1.o(i.__0vfprintf$1) refers to printf1.o(i._printf_core) for _printf_core
    printf1.o(i.__0vfprintf$1) refers to fputc.o(i.fputc) for fputc
    printf1.o(i.__0vprintf$1) refers to printf1.o(i._printf_core) for _printf_core
    printf1.o(i.__0vprintf$1) refers to fputc.o(i.fputc) for fputc
    printf1.o(i.__0vprintf$1) refers to stdout.o(.data) for __stdout
    printf1.o(i.__0vsnprintf$1) refers to printf1.o(i._printf_core) for _printf_core
    printf1.o(i.__0vsnprintf$1) refers to printf1.o(i._snputc) for _snputc
    printf1.o(i.__0vsprintf$1) refers to printf1.o(i._printf_core) for _printf_core
    printf1.o(i.__0vsprintf$1) refers to printf1.o(i._sputc) for _sputc
    printf1.o(i._printf_core) refers to uidiv.o(.text) for __aeabi_uidivmod
    printf2.o(i.__0fprintf$2) refers to printf2.o(i._printf_core) for _printf_core
    printf2.o(i.__0fprintf$2) refers to fputc.o(i.fputc) for fputc
    printf2.o(i.__0printf$2) refers to printf2.o(i._printf_core) for _printf_core
    printf2.o(i.__0printf$2) refers to fputc.o(i.fputc) for fputc
    printf2.o(i.__0printf$2) refers to stdout.o(.data) for __stdout
    printf2.o(i.__0snprintf$2) refers to printf2.o(i._printf_core) for _printf_core
    printf2.o(i.__0snprintf$2) refers to printf2.o(i._snputc) for _snputc
    printf2.o(i.__0sprintf$2) refers to printf2.o(i._printf_core) for _printf_core
    printf2.o(i.__0sprintf$2) refers to printf2.o(i._sputc) for _sputc
    printf2.o(i.__0vfprintf$2) refers to printf2.o(i._printf_core) for _printf_core
    printf2.o(i.__0vfprintf$2) refers to fputc.o(i.fputc) for fputc
    printf2.o(i.__0vprintf$2) refers to printf2.o(i._printf_core) for _printf_core
    printf2.o(i.__0vprintf$2) refers to fputc.o(i.fputc) for fputc
    printf2.o(i.__0vprintf$2) refers to stdout.o(.data) for __stdout
    printf2.o(i.__0vsnprintf$2) refers to printf2.o(i._printf_core) for _printf_core
    printf2.o(i.__0vsnprintf$2) refers to printf2.o(i._snputc) for _snputc
    printf2.o(i.__0vsprintf$2) refers to printf2.o(i._printf_core) for _printf_core
    printf2.o(i.__0vsprintf$2) refers to printf2.o(i._sputc) for _sputc
    printf3.o(i.__0fprintf$3) refers to printf3.o(i._printf_core) for _printf_core
    printf3.o(i.__0fprintf$3) refers to fputc.o(i.fputc) for fputc
    printf3.o(i.__0printf$3) refers to printf3.o(i._printf_core) for _printf_core
    printf3.o(i.__0printf$3) refers to fputc.o(i.fputc) for fputc
    printf3.o(i.__0printf$3) refers to stdout.o(.data) for __stdout
    printf3.o(i.__0snprintf$3) refers to printf3.o(i._printf_core) for _printf_core
    printf3.o(i.__0snprintf$3) refers to printf3.o(i._snputc) for _snputc
    printf3.o(i.__0sprintf$3) refers to printf3.o(i._printf_core) for _printf_core
    printf3.o(i.__0sprintf$3) refers to printf3.o(i._sputc) for _sputc
    printf3.o(i.__0vfprintf$3) refers to printf3.o(i._printf_core) for _printf_core
    printf3.o(i.__0vfprintf$3) refers to fputc.o(i.fputc) for fputc
    printf3.o(i.__0vprintf$3) refers to printf3.o(i._printf_core) for _printf_core
    printf3.o(i.__0vprintf$3) refers to fputc.o(i.fputc) for fputc
    printf3.o(i.__0vprintf$3) refers to stdout.o(.data) for __stdout
    printf3.o(i.__0vsnprintf$3) refers to printf3.o(i._printf_core) for _printf_core
    printf3.o(i.__0vsnprintf$3) refers to printf3.o(i._snputc) for _snputc
    printf3.o(i.__0vsprintf$3) refers to printf3.o(i._printf_core) for _printf_core
    printf3.o(i.__0vsprintf$3) refers to printf3.o(i._sputc) for _sputc
    printf3.o(i._printf_core) refers to uidiv.o(.text) for __aeabi_uidivmod
    printf4.o(i.__0fprintf$4) refers to printf4.o(i._printf_core) for _printf_core
    printf4.o(i.__0fprintf$4) refers to fputc.o(i.fputc) for fputc
    printf4.o(i.__0printf$4) refers to printf4.o(i._printf_core) for _printf_core
    printf4.o(i.__0printf$4) refers to fputc.o(i.fputc) for fputc
    printf4.o(i.__0printf$4) refers to stdout.o(.data) for __stdout
    printf4.o(i.__0snprintf$4) refers to printf4.o(i._printf_core) for _printf_core
    printf4.o(i.__0snprintf$4) refers to printf4.o(i._snputc) for _snputc
    printf4.o(i.__0sprintf$4) refers to printf4.o(i._printf_core) for _printf_core
    printf4.o(i.__0sprintf$4) refers to printf4.o(i._sputc) for _sputc
    printf4.o(i.__0vfprintf$4) refers to printf4.o(i._printf_core) for _printf_core
    printf4.o(i.__0vfprintf$4) refers to fputc.o(i.fputc) for fputc
    printf4.o(i.__0vprintf$4) refers to printf4.o(i._printf_core) for _printf_core
    printf4.o(i.__0vprintf$4) refers to fputc.o(i.fputc) for fputc
    printf4.o(i.__0vprintf$4) refers to stdout.o(.data) for __stdout
    printf4.o(i.__0vsnprintf$4) refers to printf4.o(i._printf_core) for _printf_core
    printf4.o(i.__0vsnprintf$4) refers to printf4.o(i._snputc) for _snputc
    printf4.o(i.__0vsprintf$4) refers to printf4.o(i._printf_core) for _printf_core
    printf4.o(i.__0vsprintf$4) refers to printf4.o(i._sputc) for _sputc
    printf4.o(i._printf_core) refers to uldiv.o(.text) for __aeabi_uldivmod
    printf5.o(i.__0fprintf$5) refers to printf5.o(i._printf_core) for _printf_core
    printf5.o(i.__0fprintf$5) refers to fputc.o(i.fputc) for fputc
    printf5.o(i.__0printf$5) refers to printf5.o(i._printf_core) for _printf_core
    printf5.o(i.__0printf$5) refers to fputc.o(i.fputc) for fputc
    printf5.o(i.__0printf$5) refers to stdout.o(.data) for __stdout
    printf5.o(i.__0snprintf$5) refers to printf5.o(i._printf_core) for _printf_core
    printf5.o(i.__0snprintf$5) refers to printf5.o(i._snputc) for _snputc
    printf5.o(i.__0sprintf$5) refers to printf5.o(i._printf_core) for _printf_core
    printf5.o(i.__0sprintf$5) refers to printf5.o(i._sputc) for _sputc
    printf5.o(i.__0vfprintf$5) refers to printf5.o(i._printf_core) for _printf_core
    printf5.o(i.__0vfprintf$5) refers to fputc.o(i.fputc) for fputc
    printf5.o(i.__0vprintf$5) refers to printf5.o(i._printf_core) for _printf_core
    printf5.o(i.__0vprintf$5) refers to fputc.o(i.fputc) for fputc
    printf5.o(i.__0vprintf$5) refers to stdout.o(.data) for __stdout
    printf5.o(i.__0vsnprintf$5) refers to printf5.o(i._printf_core) for _printf_core
    printf5.o(i.__0vsnprintf$5) refers to printf5.o(i._snputc) for _snputc
    printf5.o(i.__0vsprintf$5) refers to printf5.o(i._printf_core) for _printf_core
    printf5.o(i.__0vsprintf$5) refers to printf5.o(i._sputc) for _sputc
    printf5.o(i._printf_core) refers to uldiv.o(.text) for __aeabi_uldivmod
    printf6.o(i.__0fprintf$6) refers to printf6.o(i._printf_core) for _printf_core
    printf6.o(i.__0fprintf$6) refers to fputc.o(i.fputc) for fputc
    printf6.o(i.__0printf$6) refers to printf6.o(i._printf_core) for _printf_core
    printf6.o(i.__0printf$6) refers to fputc.o(i.fputc) for fputc
    printf6.o(i.__0printf$6) refers to stdout.o(.data) for __stdout
    printf6.o(i.__0snprintf$6) refers to printf6.o(i._printf_core) for _printf_core
    printf6.o(i.__0snprintf$6) refers to printf6.o(i._snputc) for _snputc
    printf6.o(i.__0sprintf$6) refers to printf6.o(i._printf_core) for _printf_core
    printf6.o(i.__0sprintf$6) refers to printf6.o(i._sputc) for _sputc
    printf6.o(i.__0vfprintf$6) refers to printf6.o(i._printf_core) for _printf_core
    printf6.o(i.__0vfprintf$6) refers to fputc.o(i.fputc) for fputc
    printf6.o(i.__0vprintf$6) refers to printf6.o(i._printf_core) for _printf_core
    printf6.o(i.__0vprintf$6) refers to fputc.o(i.fputc) for fputc
    printf6.o(i.__0vprintf$6) refers to stdout.o(.data) for __stdout
    printf6.o(i.__0vsnprintf$6) refers to printf6.o(i._printf_core) for _printf_core
    printf6.o(i.__0vsnprintf$6) refers to printf6.o(i._snputc) for _snputc
    printf6.o(i.__0vsprintf$6) refers to printf6.o(i._printf_core) for _printf_core
    printf6.o(i.__0vsprintf$6) refers to printf6.o(i._sputc) for _sputc
    printf6.o(i._printf_core) refers to printf6.o(i._printf_pre_padding) for _printf_pre_padding
    printf6.o(i._printf_core) refers to printf6.o(i._printf_post_padding) for _printf_post_padding
    printf6.o(i._printf_core) refers to uidiv.o(.text) for __aeabi_uidivmod
    printf7.o(i.__0fprintf$7) refers to printf7.o(i._printf_core) for _printf_core
    printf7.o(i.__0fprintf$7) refers to fputc.o(i.fputc) for fputc
    printf7.o(i.__0printf$7) refers to printf7.o(i._printf_core) for _printf_core
    printf7.o(i.__0printf$7) refers to fputc.o(i.fputc) for fputc
    printf7.o(i.__0printf$7) refers to stdout.o(.data) for __stdout
    printf7.o(i.__0snprintf$7) refers to printf7.o(i._printf_core) for _printf_core
    printf7.o(i.__0snprintf$7) refers to printf7.o(i._snputc) for _snputc
    printf7.o(i.__0sprintf$7) refers to printf7.o(i._printf_core) for _printf_core
    printf7.o(i.__0sprintf$7) refers to printf7.o(i._sputc) for _sputc
    printf7.o(i.__0vfprintf$7) refers to printf7.o(i._printf_core) for _printf_core
    printf7.o(i.__0vfprintf$7) refers to fputc.o(i.fputc) for fputc
    printf7.o(i.__0vprintf$7) refers to printf7.o(i._printf_core) for _printf_core
    printf7.o(i.__0vprintf$7) refers to fputc.o(i.fputc) for fputc
    printf7.o(i.__0vprintf$7) refers to stdout.o(.data) for __stdout
    printf7.o(i.__0vsnprintf$7) refers to printf7.o(i._printf_core) for _printf_core
    printf7.o(i.__0vsnprintf$7) refers to printf7.o(i._snputc) for _snputc
    printf7.o(i.__0vsprintf$7) refers to printf7.o(i._printf_core) for _printf_core
    printf7.o(i.__0vsprintf$7) refers to printf7.o(i._sputc) for _sputc
    printf7.o(i._printf_core) refers to printf7.o(i._printf_pre_padding) for _printf_pre_padding
    printf7.o(i._printf_core) refers to printf7.o(i._printf_post_padding) for _printf_post_padding
    printf7.o(i._printf_core) refers to uldiv.o(.text) for __aeabi_uldivmod
    printf8.o(i.__0fprintf$8) refers to printf8.o(i._printf_core) for _printf_core
    printf8.o(i.__0fprintf$8) refers to fputc.o(i.fputc) for fputc
    printf8.o(i.__0printf$8) refers to printf8.o(i._printf_core) for _printf_core
    printf8.o(i.__0printf$8) refers to fputc.o(i.fputc) for fputc
    printf8.o(i.__0printf$8) refers to stdout.o(.data) for __stdout
    printf8.o(i.__0snprintf$8) refers to printf8.o(i._printf_core) for _printf_core
    printf8.o(i.__0snprintf$8) refers to printf8.o(i._snputc) for _snputc
    printf8.o(i.__0sprintf$8) refers to printf8.o(i._printf_core) for _printf_core
    printf8.o(i.__0sprintf$8) refers to printf8.o(i._sputc) for _sputc
    printf8.o(i.__0vfprintf$8) refers to printf8.o(i._printf_core) for _printf_core
    printf8.o(i.__0vfprintf$8) refers to fputc.o(i.fputc) for fputc
    printf8.o(i.__0vprintf$8) refers to printf8.o(i._printf_core) for _printf_core
    printf8.o(i.__0vprintf$8) refers to fputc.o(i.fputc) for fputc
    printf8.o(i.__0vprintf$8) refers to stdout.o(.data) for __stdout
    printf8.o(i.__0vsnprintf$8) refers to printf8.o(i._printf_core) for _printf_core
    printf8.o(i.__0vsnprintf$8) refers to printf8.o(i._snputc) for _snputc
    printf8.o(i.__0vsprintf$8) refers to printf8.o(i._printf_core) for _printf_core
    printf8.o(i.__0vsprintf$8) refers to printf8.o(i._sputc) for _sputc
    printf8.o(i._printf_core) refers to printf8.o(i._printf_pre_padding) for _printf_pre_padding
    printf8.o(i._printf_core) refers to printf8.o(i._printf_post_padding) for _printf_post_padding
    printf8.o(i._printf_core) refers to uldiv.o(.text) for __aeabi_uldivmod
    printfa.o(i.__0fprintf) refers (Special) to iusefp.o(.text) for __I$use$fp
    printfa.o(i.__0fprintf) refers to printfa.o(i._printf_core) for _printf_core
    printfa.o(i.__0fprintf) refers to fputc.o(i.fputc) for fputc
    printfa.o(i.__0printf) refers (Special) to iusefp.o(.text) for __I$use$fp
    printfa.o(i.__0printf) refers to printfa.o(i._printf_core) for _printf_core
    printfa.o(i.__0printf) refers to fputc.o(i.fputc) for fputc
    printfa.o(i.__0printf) refers to stdout.o(.data) for __stdout
    printfa.o(i.__0snprintf) refers (Special) to iusefp.o(.text) for __I$use$fp
    printfa.o(i.__0snprintf) refers to printfa.o(i._printf_core) for _printf_core
    printfa.o(i.__0snprintf) refers to printfa.o(i._snputc) for _snputc
    printfa.o(i.__0sprintf) refers (Special) to iusefp.o(.text) for __I$use$fp
    printfa.o(i.__0sprintf) refers to printfa.o(i._printf_core) for _printf_core
    printfa.o(i.__0sprintf) refers to printfa.o(i._sputc) for _sputc
    printfa.o(i.__0vfprintf) refers (Special) to iusefp.o(.text) for __I$use$fp
    printfa.o(i.__0vfprintf) refers to printfa.o(i._printf_core) for _printf_core
    printfa.o(i.__0vfprintf) refers to fputc.o(i.fputc) for fputc
    printfa.o(i.__0vprintf) refers (Special) to iusefp.o(.text) for __I$use$fp
    printfa.o(i.__0vprintf) refers to printfa.o(i._printf_core) for _printf_core
    printfa.o(i.__0vprintf) refers to fputc.o(i.fputc) for fputc
    printfa.o(i.__0vprintf) refers to stdout.o(.data) for __stdout
    printfa.o(i.__0vsnprintf) refers (Special) to iusefp.o(.text) for __I$use$fp
    printfa.o(i.__0vsnprintf) refers to printfa.o(i._printf_core) for _printf_core
    printfa.o(i.__0vsnprintf) refers to printfa.o(i._snputc) for _snputc
    printfa.o(i.__0vsprintf) refers (Special) to iusefp.o(.text) for __I$use$fp
    printfa.o(i.__0vsprintf) refers to printfa.o(i._printf_core) for _printf_core
    printfa.o(i.__0vsprintf) refers to printfa.o(i._sputc) for _sputc
    printfa.o(i._fp_digits) refers (Special) to iusefp.o(.text) for __I$use$fp
    printfa.o(i._fp_digits) refers to dmul.o(.text) for __aeabi_dmul
    printfa.o(i._fp_digits) refers to ddiv.o(.text) for __aeabi_ddiv
    printfa.o(i._fp_digits) refers to cdrcmple.o(.text) for __aeabi_cdrcmple
    printfa.o(i._fp_digits) refers to dadd.o(.text) for __aeabi_dadd
    printfa.o(i._fp_digits) refers to dfixul.o(.text) for __aeabi_d2ulz
    printfa.o(i._fp_digits) refers to uldiv.o(.text) for __aeabi_uldivmod
    printfa.o(i._printf_core) refers (Special) to iusefp.o(.text) for __I$use$fp
    printfa.o(i._printf_core) refers to printfa.o(i._printf_pre_padding) for _printf_pre_padding
    printfa.o(i._printf_core) refers to uldiv.o(.text) for __aeabi_uldivmod
    printfa.o(i._printf_core) refers to printfa.o(i._printf_post_padding) for _printf_post_padding
    printfa.o(i._printf_core) refers to printfa.o(i._fp_digits) for _fp_digits
    printfa.o(i._printf_core) refers to uidiv.o(.text) for __aeabi_uidivmod
    printfa.o(i._printf_post_padding) refers (Special) to iusefp.o(.text) for __I$use$fp
    printfa.o(i._printf_pre_padding) refers (Special) to iusefp.o(.text) for __I$use$fp
    printfa.o(i._snputc) refers (Special) to iusefp.o(.text) for __I$use$fp
    printfa.o(i._sputc) refers (Special) to iusefp.o(.text) for __I$use$fp
    entry2.o(.ARM.Collect$$$$00000001) refers to entry2.o(.ARM.Collect$$$$00002712) for __lit__00000000
    entry2.o(.ARM.Collect$$$$00002712) refers to startup_nuc100series.o(STACK) for __initial_sp
    entry2.o(__vectab_stack_and_reset_area) refers to startup_nuc100series.o(STACK) for __initial_sp
    entry2.o(__vectab_stack_and_reset_area) refers to entry.o(.ARM.Collect$$$$00000000) for __main
    entry5.o(.ARM.Collect$$$$00000004) refers to init.o(.text) for __scatterload
    entry9a.o(.ARM.Collect$$$$0000000B) refers to main.o(i.main) for main
    entry9b.o(.ARM.Collect$$$$0000000C) refers to main.o(i.main) for main
    fputc.o(i.fputc) refers (Special) to iusesemip.o(.text) for __I$use$semihosting$fputc
    fputc.o(i.fputc) refers (Special) to semi.o(.text) for __semihosting_library_function
    uldiv.o(.text) refers to llushr.o(.text) for __aeabi_llsr
    uldiv.o(.text) refers to llshl.o(.text) for __aeabi_llsl
    dadd.o(.text) refers to llshl.o(.text) for __aeabi_llsl
    dadd.o(.text) refers to llsshr.o(.text) for __aeabi_lasr
    dadd.o(.text) refers to depilogue.o(.text) for _double_epilogue
    dmul.o(.text) refers to depilogue.o(.text) for _double_epilogue
    ddiv.o(.text) refers to depilogue.o(.text) for _double_round
    dfixul.o(.text) refers to llushr.o(.text) for __aeabi_llsr
    dfixul.o(.text) refers to llshl.o(.text) for __aeabi_llsl
    init.o(.text) refers to entry5.o(.ARM.Collect$$$$00000004) for __main_after_scatterload
    depilogue.o(.text) refers to depilogue.o(i.__ARM_clz) for __ARM_clz
    depilogue.o(.text) refers to llshl.o(.text) for __aeabi_llsl
    depilogue.o(.text) refers to llushr.o(.text) for __aeabi_llsr


==============================================================================

Removing Unused input sections from the image.

    Removing system_nuc100series.o(.rev16_text), (4 bytes).
    Removing system_nuc100series.o(.revsh_text), (4 bytes).
    Removing startup_nuc100series.o(HEAP), (0 bytes).
    Removing clk.o(.rev16_text), (4 bytes).
    Removing clk.o(.revsh_text), (4 bytes).
    Removing clk.o(i.CLK_DisableCKO), (16 bytes).
    Removing clk.o(i.CLK_DisableModuleClock), (48 bytes).
    Removing clk.o(i.CLK_DisablePLL), (16 bytes).
    Removing clk.o(i.CLK_DisableSysTick), (12 bytes).
    Removing clk.o(i.CLK_DisableXtalRC), (16 bytes).
    Removing clk.o(i.CLK_EnableCKO), (40 bytes).
    Removing clk.o(i.CLK_EnableSysTick), (56 bytes).
    Removing clk.o(i.CLK_GetCPUFreq), (16 bytes).
    Removing clk.o(i.CLK_GetHXTFreq), (20 bytes).
    Removing clk.o(i.CLK_GetLXTFreq), (24 bytes).
    Removing clk.o(i.CLK_GetPCLKFreq), (16 bytes).
    Removing clk.o(i.CLK_Idle), (32 bytes).
    Removing clk.o(i.CLK_PowerDown), (36 bytes).
    Removing clk.o(i.CLK_SetSysTickClockSrc), (20 bytes).
    Removing gpio.o(.rev16_text), (4 bytes).
    Removing gpio.o(.revsh_text), (4 bytes).
    Removing gpio.o(i.GPIO_DisableInt), (28 bytes).
    Removing lcd_1.o(.rev16_text), (4 bytes).
    Removing lcd_1.o(.revsh_text), (4 bytes).
    Removing lcd_1.o(i.OpenKeyPad), (72 bytes).
    Removing lcd_1.o(i.ScanKey), (140 bytes).
    Removing lcd_1.o(i.delay), (14 bytes).
    Removing seven_segment.o(.rev16_text), (4 bytes).
    Removing seven_segment.o(.revsh_text), (4 bytes).
    Removing seven_segment.o(i.CloseSevenSegment), (20 bytes).
    Removing seven_segment.o(i.OpenSevenSegment), (172 bytes).
    Removing seven_segment.o(i.ShowSevenSegment), (168 bytes).
    Removing seven_segment.o(.data), (16 bytes).
    Removing sys.o(.rev16_text), (4 bytes).
    Removing sys.o(.revsh_text), (4 bytes).
    Removing sys.o(i.SYS_ClearResetSrc), (12 bytes).
    Removing sys.o(i.SYS_DisableBOD), (14 bytes).
    Removing sys.o(i.SYS_EnableBOD), (36 bytes).
    Removing sys.o(i.SYS_GetBODStatus), (12 bytes).
    Removing sys.o(i.SYS_GetResetSrc), (8 bytes).
    Removing sys.o(i.SYS_IsRegLocked), (16 bytes).
    Removing sys.o(i.SYS_ReadPDID), (8 bytes).
    Removing sys.o(i.SYS_ResetCPU), (14 bytes).
    Removing sys.o(i.SYS_ResetChip), (14 bytes).
    Removing sys.o(i.SYS_ResetModule), (26 bytes).
    Removing spi.o(.rev16_text), (4 bytes).
    Removing spi.o(.revsh_text), (4 bytes).
    Removing spi.o(i.SPI_ClearIntFlag), (48 bytes).
    Removing spi.o(i.SPI_ClearRxFIFO), (10 bytes).
    Removing spi.o(i.SPI_ClearTxFIFO), (10 bytes).
    Removing spi.o(i.SPI_Close), (72 bytes).
    Removing spi.o(i.SPI_DisableFIFO), (12 bytes).
    Removing spi.o(i.SPI_DisableInt), (80 bytes).
    Removing spi.o(i.SPI_EnableAutoSS), (18 bytes).
    Removing spi.o(i.SPI_EnableFIFO), (30 bytes).
    Removing spi.o(i.SPI_EnableInt), (80 bytes).
    Removing spi.o(i.SPI_GetBusClock), (100 bytes).
    Removing spi.o(i.SPI_GetIntFlag), (88 bytes).
    Removing spi.o(i.SPI_GetStatus), (74 bytes).
    Removing spi.o(i.SPI_SetBusClock), (284 bytes).
    Removing uart.o(.rev16_text), (4 bytes).
    Removing uart.o(.revsh_text), (4 bytes).
    Removing uart.o(i.CLK_GetPLLClockFreq), (88 bytes).
    Removing uart.o(i.UART_ClearIntFlag), (56 bytes).
    Removing uart.o(i.UART_Close), (6 bytes).
    Removing uart.o(i.UART_DisableFlowCtrl), (12 bytes).
    Removing uart.o(i.UART_DisableInt), (48 bytes).
    Removing uart.o(i.UART_EnableFlowCtrl), (30 bytes).
    Removing uart.o(i.UART_EnableInt), (48 bytes).
    Removing uart.o(i.UART_Open), (136 bytes).
    Removing uart.o(i.UART_Read), (44 bytes).
    Removing uart.o(i.UART_SelectIrDAMode), (132 bytes).
    Removing uart.o(i.UART_SelectLINMode), (24 bytes).
    Removing uart.o(i.UART_SelectRS485Mode), (32 bytes).
    Removing uart.o(i.UART_SetLine_Config), (128 bytes).
    Removing uart.o(i.UART_SetTimeoutCnt), (22 bytes).
    Removing uart.o(i.UART_Write), (44 bytes).
    Removing uart.o(.constdata), (48 bytes).
    Removing main.o(.rev16_text), (4 bytes).
    Removing main.o(.revsh_text), (4 bytes).
    Removing main.o(.data), (1 bytes).
    Removing sys_init.o(.rev16_text), (4 bytes).
    Removing sys_init.o(.revsh_text), (4 bytes).
    Removing lcd.o(.rev16_text), (4 bytes).
    Removing lcd.o(.revsh_text), (4 bytes).
    Removing lcd.o(i.draw_Bmp120x8), (74 bytes).
    Removing lcd.o(i.draw_Bmp16x16), (102 bytes).
    Removing lcd.o(i.draw_Bmp16x24), (102 bytes).
    Removing lcd.o(i.draw_Bmp16x32), (102 bytes).
    Removing lcd.o(i.draw_Bmp16x40), (102 bytes).
    Removing lcd.o(i.draw_Bmp16x48), (102 bytes).
    Removing lcd.o(i.draw_Bmp16x64), (102 bytes).
    Removing lcd.o(i.draw_Bmp16x8), (74 bytes).
    Removing lcd.o(i.draw_Bmp32x16), (132 bytes).
    Removing lcd.o(i.draw_Bmp32x32), (132 bytes).
    Removing lcd.o(i.draw_Bmp32x48), (132 bytes).
    Removing lcd.o(i.draw_Bmp32x64), (132 bytes).
    Removing lcd.o(i.draw_Bmp32x8), (74 bytes).
    Removing lcd.o(i.draw_Bmp64x64), (132 bytes).
    Removing lcd.o(i.draw_Bmp8x16), (124 bytes).
    Removing lcd.o(i.draw_Bmp8x8), (74 bytes).
    Removing lcd.o(i.draw_LCD), (48 bytes).
    Removing lcd.o(i.draw_Pixel), (72 bytes).
    Removing lcd.o(i.printC_5x7), (80 bytes).
    Removing lcd.o(i.printS_5x7), (42 bytes).
    Removing dadd.o(.text), (356 bytes).
    Removing dmul.o(.text), (208 bytes).
    Removing ddiv.o(.text), (240 bytes).
    Removing dfixul.o(.text), (64 bytes).
    Removing cdrcmple.o(.text), (40 bytes).
    Removing depilogue.o(.text), (190 bytes).
    Removing seven_segment.o(i.__ARM_common_switch8), (26 bytes).
    Removing depilogue.o(i.__ARM_clz), (46 bytes).

113 unused section(s) (total 6155 bytes) removed from the image.

==============================================================================

Image Symbol Table

    Local Symbols

    Symbol Name                              Value     Ov Type        Size  Object(Section)

    RESET                                    0x00000000   Section      192  startup_nuc100series.o(RESET)
    ../clib/microlib/division.c              0x00000000   Number         0  uidiv.o ABSOLUTE
    ../clib/microlib/division.c              0x00000000   Number         0  idiv.o ABSOLUTE
    ../clib/microlib/division.c              0x00000000   Number         0  uldiv.o ABSOLUTE
    ../clib/microlib/init/entry.s            0x00000000   Number         0  entry8a.o ABSOLUTE
    ../clib/microlib/init/entry.s            0x00000000   Number         0  entry5.o ABSOLUTE
    ../clib/microlib/init/entry.s            0x00000000   Number         0  entry9b.o ABSOLUTE
    ../clib/microlib/init/entry.s            0x00000000   Number         0  entry7b.o ABSOLUTE
    ../clib/microlib/init/entry.s            0x00000000   Number         0  entry9a.o ABSOLUTE
    ../clib/microlib/init/entry.s            0x00000000   Number         0  entry11a.o ABSOLUTE
    ../clib/microlib/init/entry.s            0x00000000   Number         0  entry11b.o ABSOLUTE
    ../clib/microlib/init/entry.s            0x00000000   Number         0  entry2.o ABSOLUTE
    ../clib/microlib/init/entry.s            0x00000000   Number         0  entry.o ABSOLUTE
    ../clib/microlib/init/entry.s            0x00000000   Number         0  entry10a.o ABSOLUTE
    ../clib/microlib/init/entry.s            0x00000000   Number         0  entry8b.o ABSOLUTE
    ../clib/microlib/init/entry.s            0x00000000   Number         0  entry10b.o ABSOLUTE
    ../clib/microlib/init/entry.s            0x00000000   Number         0  entry7a.o ABSOLUTE
    ../clib/microlib/longlong.c              0x00000000   Number         0  llsshr.o ABSOLUTE
    ../clib/microlib/longlong.c              0x00000000   Number         0  llushr.o ABSOLUTE
    ../clib/microlib/longlong.c              0x00000000   Number         0  llshl.o ABSOLUTE
    ../clib/microlib/printf/printf.c         0x00000000   Number         0  printf5.o ABSOLUTE
    ../clib/microlib/printf/printf.c         0x00000000   Number         0  printf6.o ABSOLUTE
    ../clib/microlib/printf/printf.c         0x00000000   Number         0  printf7.o ABSOLUTE
    ../clib/microlib/printf/printf.c         0x00000000   Number         0  printfb.o ABSOLUTE
    ../clib/microlib/printf/printf.c         0x00000000   Number         0  printf0.o ABSOLUTE
    ../clib/microlib/printf/printf.c         0x00000000   Number         0  printf1.o ABSOLUTE
    ../clib/microlib/printf/printf.c         0x00000000   Number         0  printf8.o ABSOLUTE
    ../clib/microlib/printf/printf.c         0x00000000   Number         0  printfa.o ABSOLUTE
    ../clib/microlib/printf/printf.c         0x00000000   Number         0  printf2.o ABSOLUTE
    ../clib/microlib/printf/printf.c         0x00000000   Number         0  printf3.o ABSOLUTE
    ../clib/microlib/printf/printf.c         0x00000000   Number         0  printf4.o ABSOLUTE
    ../clib/microlib/printf/stubs.s          0x00000000   Number         0  stubs.o ABSOLUTE
    ../clib/microlib/stdio/fputc.c           0x00000000   Number         0  fputc.o ABSOLUTE
    ../clib/microlib/stdio/semi.s            0x00000000   Number         0  semi.o ABSOLUTE
    ../clib/microlib/stdio/streams.c         0x00000000   Number         0  stdout.o ABSOLUTE
    ../clib/microlib/stdlib/rand.c           0x00000000   Number         0  rand.o ABSOLUTE
    ../clib/microlib/string/strlen.c         0x00000000   Number         0  strlen.o ABSOLUTE
    ../clib/microlib/stubs.s                 0x00000000   Number         0  iusefp.o ABSOLUTE
    ../clib/microlib/stubs.s                 0x00000000   Number         0  iusesemip.o ABSOLUTE
    ../fplib/microlib/fpadd.c                0x00000000   Number         0  dadd.o ABSOLUTE
    ../fplib/microlib/fpdiv.c                0x00000000   Number         0  ddiv.o ABSOLUTE
    ../fplib/microlib/fpepilogue.c           0x00000000   Number         0  depilogue.o ABSOLUTE
    ../fplib/microlib/fpfix.c                0x00000000   Number         0  dfixul.o ABSOLUTE
    ../fplib/microlib/fpmul.c                0x00000000   Number         0  dmul.o ABSOLUTE
    ..\Library\Device\Nuvoton\NUC100Series\Source\ARM\startup_NUC100Series.s 0x00000000   Number         0  startup_nuc100series.o ABSOLUTE
    ..\Library\Device\Nuvoton\NUC100Series\Source\system_NUC100Series.c 0x00000000   Number         0  system_nuc100series.o ABSOLUTE
    ..\Library\Nu-LB-NUC140\Source\LCD.c     0x00000000   Number         0  lcd.o ABSOLUTE
    ..\Library\Nu-LB-NUC140\Source\SYS_init.c 0x00000000   Number         0  sys_init.o ABSOLUTE
    ..\Library\Nu-LB-NUC140\Source\Scankey.c 0x00000000   Number         0  lcd_1.o ABSOLUTE
    ..\Library\Nu-LB-NUC140\Source\Seven_Segment.c 0x00000000   Number         0  seven_segment.o ABSOLUTE
    ..\Library\StdDriver\src\clk.c           0x00000000   Number         0  clk.o ABSOLUTE
    ..\Library\StdDriver\src\gpio.c          0x00000000   Number         0  gpio.o ABSOLUTE
    ..\Library\StdDriver\src\spi.c           0x00000000   Number         0  spi.o ABSOLUTE
    ..\Library\StdDriver\src\sys.c           0x00000000   Number         0  sys.o ABSOLUTE
    ..\Library\StdDriver\src\uart.c          0x00000000   Number         0  uart.o ABSOLUTE
    ..\\Library\\Device\\Nuvoton\\NUC100Series\\Source\\system_NUC100Series.c 0x00000000   Number         0  system_nuc100series.o ABSOLUTE
    ..\\Library\\Nu-LB-NUC140\\Source\\LCD.c 0x00000000   Number         0  lcd.o ABSOLUTE
    ..\\Library\\Nu-LB-NUC140\\Source\\SYS_init.c 0x00000000   Number         0  sys_init.o ABSOLUTE
    ..\\Library\\Nu-LB-NUC140\\Source\\Scankey.c 0x00000000   Number         0  lcd_1.o ABSOLUTE
    ..\\Library\\Nu-LB-NUC140\\Source\\Seven_Segment.c 0x00000000   Number         0  seven_segment.o ABSOLUTE
    ..\\Library\\StdDriver\\src\\clk.c       0x00000000   Number         0  clk.o ABSOLUTE
    ..\\Library\\StdDriver\\src\\gpio.c      0x00000000   Number         0  gpio.o ABSOLUTE
    ..\\Library\\StdDriver\\src\\spi.c       0x00000000   Number         0  spi.o ABSOLUTE
    ..\\Library\\StdDriver\\src\\sys.c       0x00000000   Number         0  sys.o ABSOLUTE
    ..\\Library\\StdDriver\\src\\uart.c      0x00000000   Number         0  uart.o ABSOLUTE
    ..\\main.c                               0x00000000   Number         0  main.o ABSOLUTE
    ..\main.c                                0x00000000   Number         0  main.o ABSOLUTE
    cdrcmple.s                               0x00000000   Number         0  cdrcmple.o ABSOLUTE
    handlers.s                               0x00000000   Number         0  handlers.o ABSOLUTE
    init.s                                   0x00000000   Number         0  init.o ABSOLUTE
    .ARM.Collect$$$$00000000                 0x000000c0   Section        0  entry.o(.ARM.Collect$$$$00000000)
    .ARM.Collect$$$$00000001                 0x000000c0   Section        4  entry2.o(.ARM.Collect$$$$00000001)
    .ARM.Collect$$$$00000004                 0x000000c4   Section        4  entry5.o(.ARM.Collect$$$$00000004)
    .ARM.Collect$$$$00000008                 0x000000c8   Section        0  entry7b.o(.ARM.Collect$$$$00000008)
    .ARM.Collect$$$$0000000A                 0x000000c8   Section        0  entry8b.o(.ARM.Collect$$$$0000000A)
    .ARM.Collect$$$$0000000B                 0x000000c8   Section        8  entry9a.o(.ARM.Collect$$$$0000000B)
    .ARM.Collect$$$$0000000D                 0x000000d0   Section        0  entry10a.o(.ARM.Collect$$$$0000000D)
    .ARM.Collect$$$$0000000F                 0x000000d0   Section        0  entry11a.o(.ARM.Collect$$$$0000000F)
    .ARM.Collect$$$$00002712                 0x000000d0   Section        4  entry2.o(.ARM.Collect$$$$00002712)
    __lit__00000000                          0x000000d0   Data           4  entry2.o(.ARM.Collect$$$$00002712)
    .text                                    0x000000d4   Section       76  startup_nuc100series.o(.text)
    Default_Handler                          0x000000ff   Thumb Code     2  startup_nuc100series.o(.text)
    .text                                    0x00000120   Section        0  uidiv.o(.text)
    .text                                    0x0000014c   Section        0  idiv.o(.text)
    .text                                    0x00000174   Section        0  rand.o(.text)
    .text                                    0x00000198   Section        0  strlen.o(.text)
    .text                                    0x000001a8   Section       36  init.o(.text)
    i.CLK_EnableModuleClock                  0x000001cc   Section        0  clk.o(i.CLK_EnableModuleClock)
    i.CLK_EnablePLL                          0x000001fc   Section        0  clk.o(i.CLK_EnablePLL)
    i.CLK_EnableXtalRC                       0x00000394   Section        0  clk.o(i.CLK_EnableXtalRC)
    i.CLK_GetHCLKFreq                        0x000003a4   Section        0  clk.o(i.CLK_GetHCLKFreq)
    i.CLK_GetPLLClockFreq                    0x000003b4   Section        0  spi.o(i.CLK_GetPLLClockFreq)
    CLK_GetPLLClockFreq                      0x000003b5   Thumb Code    70  spi.o(i.CLK_GetPLLClockFreq)
    i.CLK_SetCoreClock                       0x0000040c   Section        0  clk.o(i.CLK_SetCoreClock)
    i.CLK_SetHCLK                            0x00000484   Section        0  clk.o(i.CLK_SetHCLK)
    i.CLK_SetModuleClock                     0x000004cc   Section        0  clk.o(i.CLK_SetModuleClock)
    i.CLK_WaitClockReady                     0x00000598   Section        0  clk.o(i.CLK_WaitClockReady)
    i.EINT1_IRQHandler                       0x000005c4   Section        0  main.o(i.EINT1_IRQHandler)
    i.GPAB_IRQHandler                        0x000005dc   Section        0  main.o(i.GPAB_IRQHandler)
    i.GPIO_EnableInt                         0x00000610   Section        0  gpio.o(i.GPIO_EnableInt)
    i.GPIO_SetMode                           0x0000062a   Section        0  gpio.o(i.GPIO_SetMode)
    i.Init_GPIO                              0x00000654   Section        0  main.o(i.Init_GPIO)
    i.Init_Key                               0x0000068c   Section        0  main.o(i.Init_Key)
    i.SPI_DisableAutoSS                      0x000006f0   Section        0  spi.o(i.SPI_DisableAutoSS)
    i.SPI_Open                               0x000006fc   Section        0  spi.o(i.SPI_Open)
    i.SYS_Init                               0x00000868   Section        0  sys_init.o(i.SYS_Init)
    i.SystemCoreClockUpdate                  0x000008dc   Section        0  system_nuc100series.o(i.SystemCoreClockUpdate)
    i.SystemInit                             0x0000096c   Section        0  system_nuc100series.o(i.SystemInit)
    i.ToggleLED                              0x00000970   Section        0  main.o(i.ToggleLED)
    i.UpdateAllLEDs                          0x00000984   Section        0  main.o(i.UpdateAllLEDs)
    i.__0sprintf$1                           0x000009a8   Section        0  printf1.o(i.__0sprintf$1)
    i.__scatterload_copy                     0x000009d0   Section       14  handlers.o(i.__scatterload_copy)
    i.__scatterload_null                     0x000009de   Section        2  handlers.o(i.__scatterload_null)
    i.__scatterload_zeroinit                 0x000009e0   Section       14  handlers.o(i.__scatterload_zeroinit)
    i._printf_core                           0x000009f0   Section        0  printf1.o(i._printf_core)
    _printf_core                             0x000009f1   Thumb Code   332  printf1.o(i._printf_core)
    i._sputc                                 0x00000b40   Section        0  printf1.o(i._sputc)
    _sputc                                   0x00000b41   Thumb Code    10  printf1.o(i._sputc)
    i.clear_LCD                              0x00000b4c   Section        0  lcd.o(i.clear_LCD)
    i.evaluate                               0x00000ba0   Section        0  main.o(i.evaluate)
    i.init_LCD                               0x00000c08   Section        0  lcd.o(i.init_LCD)
    i.init_SPI3                              0x00000c30   Section        0  lcd.o(i.init_SPI3)
    i.init_extint                            0x00000c54   Section        0  main.o(i.init_extint)
    i.lcdSetAddr                             0x00000c90   Section        0  lcd.o(i.lcdSetAddr)
    i.lcdWriteCommand                        0x00000d00   Section        0  lcd.o(i.lcdWriteCommand)
    i.lcdWriteData                           0x00000d28   Section        0  lcd.o(i.lcdWriteData)
    i.main                                   0x00000d54   Section        0  main.o(i.main)
    i.printC                                 0x00000d7c   Section        0  lcd.o(i.printC)
    i.printS                                 0x00000dd8   Section        0  lcd.o(i.printS)
    i.print_Line                             0x00000e02   Section        0  lcd.o(i.print_Line)
    i.reset_state                            0x00000e28   Section        0  main.o(i.reset_state)
    i.show                                   0x00000e98   Section        0  main.o(i.show)
    .constdata                               0x00000ed8   Section       56  clk.o(.constdata)
    .data                                    0x20000000   Section       44  system_nuc100series.o(.data)
    .data                                    0x2000002c   Section       57  main.o(.data)
    sorted_ranks                             0x2000002e   Data           4  main.o(.data)
    y_poses                                  0x2000003e   Data           4  main.o(.data)
    LINE_CLEAR                               0x20000054   Data          17  main.o(.data)
    .data                                    0x20000065   Section     2000  lcd.o(.data)
    Font5x7                                  0x20000065   Data         480  lcd.o(.data)
    .data                                    0x20000838   Section        4  rand.o(.data)
    _rand_state                              0x20000838   Data           4  rand.o(.data)
    .bss                                     0x2000083c   Section     1024  lcd.o(.bss)
    STACK                                    0x20000c40   Section     1024  startup_nuc100series.o(STACK)

    Global Symbols

    Symbol Name                              Value     Ov Type        Size  Object(Section)

    BuildAttributes$$THM_ISAv3M$S$PE$A:L22$X:L11$S22$IEEE1$IW$USESV6$~STKCKD$USESV7$~SHL$OSPACE$ROPI$EBA8$MICROLIB$REQ8$PRES8$EABIv2 0x00000000   Number         0  anon$$obj.o ABSOLUTE
    __ARM_use_no_argv                        0x00000000   Number         0  main.o ABSOLUTE
    __Vectors                                0x00000000   Data           4  startup_nuc100series.o(RESET)
    _printf_a                                0x00000000   Number         0  stubs.o ABSOLUTE
    _printf_c                                0x00000000   Number         0  stubs.o ABSOLUTE
    _printf_charcount                        0x00000000   Number         0  stubs.o ABSOLUTE
    _printf_d                                0x00000000   Number         0  stubs.o ABSOLUTE
    _printf_e                                0x00000000   Number         0  stubs.o ABSOLUTE
    _printf_f                                0x00000000   Number         0  stubs.o ABSOLUTE
    _printf_flags                            0x00000000   Number         0  stubs.o ABSOLUTE
    _printf_fp_dec                           0x00000000   Number         0  stubs.o ABSOLUTE
    _printf_fp_hex                           0x00000000   Number         0  stubs.o ABSOLUTE
    _printf_g                                0x00000000   Number         0  stubs.o ABSOLUTE
    _printf_i                                0x00000000   Number         0  stubs.o ABSOLUTE
    _printf_int_dec                          0x00000000   Number         0  stubs.o ABSOLUTE
    _printf_l                                0x00000000   Number         0  stubs.o ABSOLUTE
    _printf_lc                               0x00000000   Number         0  stubs.o ABSOLUTE
    _printf_ll                               0x00000000   Number         0  stubs.o ABSOLUTE
    _printf_lld                              0x00000000   Number         0  stubs.o ABSOLUTE
    _printf_lli                              0x00000000   Number         0  stubs.o ABSOLUTE
    _printf_llo                              0x00000000   Number         0  stubs.o ABSOLUTE
    _printf_llu                              0x00000000   Number         0  stubs.o ABSOLUTE
    _printf_llx                              0x00000000   Number         0  stubs.o ABSOLUTE
    _printf_longlong_dec                     0x00000000   Number         0  stubs.o ABSOLUTE
    _printf_longlong_hex                     0x00000000   Number         0  stubs.o ABSOLUTE
    _printf_longlong_oct                     0x00000000   Number         0  stubs.o ABSOLUTE
    _printf_ls                               0x00000000   Number         0  stubs.o ABSOLUTE
    _printf_mbtowc                           0x00000000   Number         0  stubs.o ABSOLUTE
    _printf_n                                0x00000000   Number         0  stubs.o ABSOLUTE
    _printf_o                                0x00000000   Number         0  stubs.o ABSOLUTE
    _printf_p                                0x00000000   Number         0  stubs.o ABSOLUTE
    _printf_percent                          0x00000000   Number         0  stubs.o ABSOLUTE
    _printf_pre_padding                      0x00000000   Number         0  stubs.o ABSOLUTE
    _printf_return_value                     0x00000000   Number         0  stubs.o ABSOLUTE
    _printf_s                                0x00000000   Number         0  stubs.o ABSOLUTE
    _printf_sizespec                         0x00000000   Number         0  stubs.o ABSOLUTE
    _printf_str                              0x00000000   Number         0  stubs.o ABSOLUTE
    _printf_truncate_signed                  0x00000000   Number         0  stubs.o ABSOLUTE
    _printf_truncate_unsigned                0x00000000   Number         0  stubs.o ABSOLUTE
    _printf_u                                0x00000000   Number         0  stubs.o ABSOLUTE
    _printf_wc                               0x00000000   Number         0  stubs.o ABSOLUTE
    _printf_wctomb                           0x00000000   Number         0  stubs.o ABSOLUTE
    _printf_widthprec                        0x00000000   Number         0  stubs.o ABSOLUTE
    _printf_x                                0x00000000   Number         0  stubs.o ABSOLUTE
    __cpp_initialize__aeabi_                  - Undefined Weak Reference
    __cxa_finalize                            - Undefined Weak Reference
    __decompress                              - Undefined Weak Reference
    _clock_init                               - Undefined Weak Reference
    _microlib_exit                            - Undefined Weak Reference
    __main                                   0x000000c1   Thumb Code     0  entry.o(.ARM.Collect$$$$00000000)
    _main_stk                                0x000000c1   Thumb Code     0  entry2.o(.ARM.Collect$$$$00000001)
    _main_scatterload                        0x000000c5   Thumb Code     0  entry5.o(.ARM.Collect$$$$00000004)
    __main_after_scatterload                 0x000000c9   Thumb Code     0  entry5.o(.ARM.Collect$$$$00000004)
    _main_clock                              0x000000c9   Thumb Code     0  entry7b.o(.ARM.Collect$$$$00000008)
    _main_cpp_init                           0x000000c9   Thumb Code     0  entry8b.o(.ARM.Collect$$$$0000000A)
    _main_init                               0x000000c9   Thumb Code     0  entry9a.o(.ARM.Collect$$$$0000000B)
    __rt_final_cpp                           0x000000d1   Thumb Code     0  entry10a.o(.ARM.Collect$$$$0000000D)
    __rt_final_exit                          0x000000d1   Thumb Code     0  entry11a.o(.ARM.Collect$$$$0000000F)
    Reset_Handler                            0x000000d5   Thumb Code    32  startup_nuc100series.o(.text)
    NMI_Handler                              0x000000f5   Thumb Code     2  startup_nuc100series.o(.text)
    HardFault_Handler                        0x000000f7   Thumb Code     2  startup_nuc100series.o(.text)
    SVC_Handler                              0x000000f9   Thumb Code     2  startup_nuc100series.o(.text)
    PendSV_Handler                           0x000000fb   Thumb Code     2  startup_nuc100series.o(.text)
    SysTick_Handler                          0x000000fd   Thumb Code     2  startup_nuc100series.o(.text)
    ACMP_IRQHandler                          0x000000ff   Thumb Code     0  startup_nuc100series.o(.text)
    ADC_IRQHandler                           0x000000ff   Thumb Code     0  startup_nuc100series.o(.text)
    BOD_IRQHandler                           0x000000ff   Thumb Code     0  startup_nuc100series.o(.text)
    CAN0_IRQHandler                          0x000000ff   Thumb Code     0  startup_nuc100series.o(.text)
    CAN1_IRQHandler                          0x000000ff   Thumb Code     0  startup_nuc100series.o(.text)
    EINT0_IRQHandler                         0x000000ff   Thumb Code     0  startup_nuc100series.o(.text)
    GPCDEF_IRQHandler                        0x000000ff   Thumb Code     0  startup_nuc100series.o(.text)
    I2C0_IRQHandler                          0x000000ff   Thumb Code     0  startup_nuc100series.o(.text)
    I2C1_IRQHandler                          0x000000ff   Thumb Code     0  startup_nuc100series.o(.text)
    I2S_IRQHandler                           0x000000ff   Thumb Code     0  startup_nuc100series.o(.text)
    PDMA_IRQHandler                          0x000000ff   Thumb Code     0  startup_nuc100series.o(.text)
    PS2_IRQHandler                           0x000000ff   Thumb Code     0  startup_nuc100series.o(.text)
    PWMA_IRQHandler                          0x000000ff   Thumb Code     0  startup_nuc100series.o(.text)
    PWMB_IRQHandler                          0x000000ff   Thumb Code     0  startup_nuc100series.o(.text)
    PWRWU_IRQHandler                         0x000000ff   Thumb Code     0  startup_nuc100series.o(.text)
    RTC_IRQHandler                           0x000000ff   Thumb Code     0  startup_nuc100series.o(.text)
    SC012_IRQHandler                         0x000000ff   Thumb Code     0  startup_nuc100series.o(.text)
    SPI0_IRQHandler                          0x000000ff   Thumb Code     0  startup_nuc100series.o(.text)
    SPI1_IRQHandler                          0x000000ff   Thumb Code     0  startup_nuc100series.o(.text)
    SPI2_IRQHandler                          0x000000ff   Thumb Code     0  startup_nuc100series.o(.text)
    SPI3_IRQHandler                          0x000000ff   Thumb Code     0  startup_nuc100series.o(.text)
    TMR0_IRQHandler                          0x000000ff   Thumb Code     0  startup_nuc100series.o(.text)
    TMR1_IRQHandler                          0x000000ff   Thumb Code     0  startup_nuc100series.o(.text)
    TMR2_IRQHandler                          0x000000ff   Thumb Code     0  startup_nuc100series.o(.text)
    TMR3_IRQHandler                          0x000000ff   Thumb Code     0  startup_nuc100series.o(.text)
    UART02_IRQHandler                        0x000000ff   Thumb Code     0  startup_nuc100series.o(.text)
    UART1_IRQHandler                         0x000000ff   Thumb Code     0  startup_nuc100series.o(.text)
    USBD_IRQHandler                          0x000000ff   Thumb Code     0  startup_nuc100series.o(.text)
    WDT_IRQHandler                           0x000000ff   Thumb Code     0  startup_nuc100series.o(.text)
    __aeabi_uidiv                            0x00000121   Thumb Code     0  uidiv.o(.text)
    __aeabi_uidivmod                         0x00000121   Thumb Code    44  uidiv.o(.text)
    __aeabi_idiv                             0x0000014d   Thumb Code     0  idiv.o(.text)
    __aeabi_idivmod                          0x0000014d   Thumb Code    40  idiv.o(.text)
    rand                                     0x00000175   Thumb Code    18  rand.o(.text)
    srand                                    0x00000187   Thumb Code     6  rand.o(.text)
    strlen                                   0x00000199   Thumb Code    14  strlen.o(.text)
    __scatterload                            0x000001a9   Thumb Code    28  init.o(.text)
    __scatterload_rt2                        0x000001a9   Thumb Code     0  init.o(.text)
    CLK_EnableModuleClock                    0x000001cd   Thumb Code    40  clk.o(i.CLK_EnableModuleClock)
    CLK_EnablePLL                            0x000001fd   Thumb Code   348  clk.o(i.CLK_EnablePLL)
    CLK_EnableXtalRC                         0x00000395   Thumb Code    10  clk.o(i.CLK_EnableXtalRC)
    CLK_GetHCLKFreq                          0x000003a5   Thumb Code    12  clk.o(i.CLK_GetHCLKFreq)
    CLK_SetCoreClock                         0x0000040d   Thumb Code   112  clk.o(i.CLK_SetCoreClock)
    CLK_SetHCLK                              0x00000485   Thumb Code    66  clk.o(i.CLK_SetHCLK)
    CLK_SetModuleClock                       0x000004cd   Thumb Code   180  clk.o(i.CLK_SetModuleClock)
    CLK_WaitClockReady                       0x00000599   Thumb Code    34  clk.o(i.CLK_WaitClockReady)
    EINT1_IRQHandler                         0x000005c5   Thumb Code    16  main.o(i.EINT1_IRQHandler)
    GPAB_IRQHandler                          0x000005dd   Thumb Code    48  main.o(i.GPAB_IRQHandler)
    GPIO_EnableInt                           0x00000611   Thumb Code    26  gpio.o(i.GPIO_EnableInt)
    GPIO_SetMode                             0x0000062b   Thumb Code    40  gpio.o(i.GPIO_SetMode)
    Init_GPIO                                0x00000655   Thumb Code    52  main.o(i.Init_GPIO)
    Init_Key                                 0x0000068d   Thumb Code    88  main.o(i.Init_Key)
    SPI_DisableAutoSS                        0x000006f1   Thumb Code    10  spi.o(i.SPI_DisableAutoSS)
    SPI_Open                                 0x000006fd   Thumb Code   348  spi.o(i.SPI_Open)
    SYS_Init                                 0x00000869   Thumb Code   104  sys_init.o(i.SYS_Init)
    SystemCoreClockUpdate                    0x000008dd   Thumb Code   118  system_nuc100series.o(i.SystemCoreClockUpdate)
    SystemInit                               0x0000096d   Thumb Code     2  system_nuc100series.o(i.SystemInit)
    ToggleLED                                0x00000971   Thumb Code    16  main.o(i.ToggleLED)
    UpdateAllLEDs                            0x00000985   Thumb Code    30  main.o(i.UpdateAllLEDs)
    __0sprintf$1                             0x000009a9   Thumb Code    36  printf1.o(i.__0sprintf$1)
    __1sprintf$1                             0x000009a9   Thumb Code     0  printf1.o(i.__0sprintf$1)
    __2sprintf                               0x000009a9   Thumb Code     0  printf1.o(i.__0sprintf$1)
    __scatterload_copy                       0x000009d1   Thumb Code    14  handlers.o(i.__scatterload_copy)
    __scatterload_null                       0x000009df   Thumb Code     2  handlers.o(i.__scatterload_null)
    __scatterload_zeroinit                   0x000009e1   Thumb Code    14  handlers.o(i.__scatterload_zeroinit)
    clear_LCD                                0x00000b4d   Thumb Code    78  lcd.o(i.clear_LCD)
    evaluate                                 0x00000ba1   Thumb Code   100  main.o(i.evaluate)
    init_LCD                                 0x00000c09   Thumb Code    38  lcd.o(i.init_LCD)
    init_SPI3                                0x00000c31   Thumb Code    28  lcd.o(i.init_SPI3)
    init_extint                              0x00000c55   Thumb Code    48  main.o(i.init_extint)
    lcdSetAddr                               0x00000c91   Thumb Code   106  lcd.o(i.lcdSetAddr)
    lcdWriteCommand                          0x00000d01   Thumb Code    36  lcd.o(i.lcdWriteCommand)
    lcdWriteData                             0x00000d29   Thumb Code    40  lcd.o(i.lcdWriteData)
    main                                     0x00000d55   Thumb Code    38  main.o(i.main)
    printC                                   0x00000d7d   Thumb Code    88  lcd.o(i.printC)
    printS                                   0x00000dd9   Thumb Code    42  lcd.o(i.printS)
    print_Line                               0x00000e03   Thumb Code    36  lcd.o(i.print_Line)
    reset_state                              0x00000e29   Thumb Code   106  main.o(i.reset_state)
    show                                     0x00000e99   Thumb Code    54  main.o(i.show)
    Region$$Table$$Base                      0x00000f10   Number         0  anon$$obj.o(Region$$Table)
    Region$$Table$$Limit                     0x00000f30   Number         0  anon$$obj.o(Region$$Table)
    SystemCoreClock                          0x20000000   Data           4  system_nuc100series.o(.data)
    CyclesPerUs                              0x20000004   Data           4  system_nuc100series.o(.data)
    PllClock                                 0x20000008   Data           4  system_nuc100series.o(.data)
    gau32ClkSrcTbl                           0x2000000c   Data          32  system_nuc100series.o(.data)
    start                                    0x2000002c   Data           1  main.o(.data)
    done                                     0x2000002d   Data           1  main.o(.data)
    nums                                     0x20000032   Data           4  main.o(.data)
    x_poses                                  0x20000036   Data           4  main.o(.data)
    ranks                                    0x2000003a   Data           4  main.o(.data)
    leds                                     0x20000044   Data          16  main.o(.data)
    Font8x16                                 0x20000245   Data        1520  lcd.o(.data)
    DisplayBuffer                            0x2000083c   Data        1024  lcd.o(.bss)
    __initial_sp                             0x20001040   Data           0  startup_nuc100series.o(STACK)



==============================================================================

Memory Map of the image

  Image Entry point : 0x000000d5

  Load Region LR_1 (Base: 0x00000000, Size: 0x0000176c, Max: 0xffffffff, ABSOLUTE)

    Execution Region ER_RO (Exec base: 0x00000000, Load base: 0x00000000, Size: 0x00000f30, Max: 0xffffffff, ABSOLUTE)

    Exec Addr    Load Addr    Size         Type   Attr      Idx    E Section Name        Object

    0x00000000   0x00000000   0x000000c0   Data   RO          114    RESET               startup_nuc100series.o
    0x000000c0   0x000000c0   0x00000000   Code   RO         1078  * .ARM.Collect$$$$00000000  mc_p.l(entry.o)
    0x000000c0   0x000000c0   0x00000004   Code   RO         1349    .ARM.Collect$$$$00000001  mc_p.l(entry2.o)
    0x000000c4   0x000000c4   0x00000004   Code   RO         1352    .ARM.Collect$$$$00000004  mc_p.l(entry5.o)
    0x000000c8   0x000000c8   0x00000000   Code   RO         1354    .ARM.Collect$$$$00000008  mc_p.l(entry7b.o)
    0x000000c8   0x000000c8   0x00000000   Code   RO         1356    .ARM.Collect$$$$0000000A  mc_p.l(entry8b.o)
    0x000000c8   0x000000c8   0x00000008   Code   RO         1357    .ARM.Collect$$$$0000000B  mc_p.l(entry9a.o)
    0x000000d0   0x000000d0   0x00000000   Code   RO         1359    .ARM.Collect$$$$0000000D  mc_p.l(entry10a.o)
    0x000000d0   0x000000d0   0x00000000   Code   RO         1361    .ARM.Collect$$$$0000000F  mc_p.l(entry11a.o)
    0x000000d0   0x000000d0   0x00000004   Code   RO         1350    .ARM.Collect$$$$00002712  mc_p.l(entry2.o)
    0x000000d4   0x000000d4   0x0000004c   Code   RO          115  * .text               startup_nuc100series.o
    0x00000120   0x00000120   0x0000002c   Code   RO         1079    .text               mc_p.l(uidiv.o)
    0x0000014c   0x0000014c   0x00000028   Code   RO         1081    .text               mc_p.l(idiv.o)
    0x00000174   0x00000174   0x00000024   Code   RO         1083    .text               mc_p.l(rand.o)
    0x00000198   0x00000198   0x0000000e   Code   RO         1086    .text               mc_p.l(strlen.o)
    0x000001a6   0x000001a6   0x00000002   PAD
    0x000001a8   0x000001a8   0x00000024   Code   RO         1379    .text               mc_p.l(init.o)
    0x000001cc   0x000001cc   0x00000030   Code   RO          127    i.CLK_EnableModuleClock  clk.o
    0x000001fc   0x000001fc   0x00000198   Code   RO          128    i.CLK_EnablePLL     clk.o
    0x00000394   0x00000394   0x00000010   Code   RO          130    i.CLK_EnableXtalRC  clk.o
    0x000003a4   0x000003a4   0x00000010   Code   RO          132    i.CLK_GetHCLKFreq   clk.o
    0x000003b4   0x000003b4   0x00000058   Code   RO          484    i.CLK_GetPLLClockFreq  spi.o
    0x0000040c   0x0000040c   0x00000078   Code   RO          138    i.CLK_SetCoreClock  clk.o
    0x00000484   0x00000484   0x00000048   Code   RO          139    i.CLK_SetHCLK       clk.o
    0x000004cc   0x000004cc   0x000000cc   Code   RO          140    i.CLK_SetModuleClock  clk.o
    0x00000598   0x00000598   0x0000002c   Code   RO          142    i.CLK_WaitClockReady  clk.o
    0x000005c4   0x000005c4   0x00000018   Code   RO          703    i.EINT1_IRQHandler  main.o
    0x000005dc   0x000005dc   0x00000034   Code   RO          704    i.GPAB_IRQHandler   main.o
    0x00000610   0x00000610   0x0000001a   Code   RO          273    i.GPIO_EnableInt    gpio.o
    0x0000062a   0x0000062a   0x00000028   Code   RO          274    i.GPIO_SetMode      gpio.o
    0x00000652   0x00000652   0x00000002   PAD
    0x00000654   0x00000654   0x00000038   Code   RO          705    i.Init_GPIO         main.o
    0x0000068c   0x0000068c   0x00000064   Code   RO          706    i.Init_Key          main.o
    0x000006f0   0x000006f0   0x0000000a   Code   RO          489    i.SPI_DisableAutoSS  spi.o
    0x000006fa   0x000006fa   0x00000002   PAD
    0x000006fc   0x000006fc   0x0000016c   Code   RO          498    i.SPI_Open          spi.o
    0x00000868   0x00000868   0x00000074   Code   RO          814    i.SYS_Init          sys_init.o
    0x000008dc   0x000008dc   0x00000090   Code   RO            3    i.SystemCoreClockUpdate  system_nuc100series.o
    0x0000096c   0x0000096c   0x00000002   Code   RO            4    i.SystemInit        system_nuc100series.o
    0x0000096e   0x0000096e   0x00000002   PAD
    0x00000970   0x00000970   0x00000014   Code   RO          707    i.ToggleLED         main.o
    0x00000984   0x00000984   0x00000024   Code   RO          708    i.UpdateAllLEDs     main.o
    0x000009a8   0x000009a8   0x00000028   Code   RO         1135    i.__0sprintf$1      mc_p.l(printf1.o)
    0x000009d0   0x000009d0   0x0000000e   Code   RO         1395    i.__scatterload_copy  mc_p.l(handlers.o)
    0x000009de   0x000009de   0x00000002   Code   RO         1396    i.__scatterload_null  mc_p.l(handlers.o)
    0x000009e0   0x000009e0   0x0000000e   Code   RO         1397    i.__scatterload_zeroinit  mc_p.l(handlers.o)
    0x000009ee   0x000009ee   0x00000002   PAD
    0x000009f0   0x000009f0   0x00000150   Code   RO         1140    i._printf_core      mc_p.l(printf1.o)
    0x00000b40   0x00000b40   0x0000000a   Code   RO         1142    i._sputc            mc_p.l(printf1.o)
    0x00000b4a   0x00000b4a   0x00000002   PAD
    0x00000b4c   0x00000b4c   0x00000054   Code   RO          883    i.clear_LCD         lcd.o
    0x00000ba0   0x00000ba0   0x00000068   Code   RO          709    i.evaluate          main.o
    0x00000c08   0x00000c08   0x00000026   Code   RO          902    i.init_LCD          lcd.o
    0x00000c2e   0x00000c2e   0x00000002   PAD
    0x00000c30   0x00000c30   0x00000024   Code   RO          903    i.init_SPI3         lcd.o
    0x00000c54   0x00000c54   0x0000003c   Code   RO          710    i.init_extint       main.o
    0x00000c90   0x00000c90   0x00000070   Code   RO          904    i.lcdSetAddr        lcd.o
    0x00000d00   0x00000d00   0x00000028   Code   RO          905    i.lcdWriteCommand   lcd.o
    0x00000d28   0x00000d28   0x0000002c   Code   RO          906    i.lcdWriteData      lcd.o
    0x00000d54   0x00000d54   0x00000026   Code   RO          711    i.main              main.o
    0x00000d7a   0x00000d7a   0x00000002   PAD
    0x00000d7c   0x00000d7c   0x0000005c   Code   RO          907    i.printC            lcd.o
    0x00000dd8   0x00000dd8   0x0000002a   Code   RO          909    i.printS            lcd.o
    0x00000e02   0x00000e02   0x00000024   Code   RO          911    i.print_Line        lcd.o
    0x00000e26   0x00000e26   0x00000002   PAD
    0x00000e28   0x00000e28   0x00000070   Code   RO          712    i.reset_state       main.o
    0x00000e98   0x00000e98   0x00000040   Code   RO          713    i.show              main.o
    0x00000ed8   0x00000ed8   0x00000038   Data   RO          143    .constdata          clk.o
    0x00000f10   0x00000f10   0x00000020   Data   RO         1393    Region$$Table       anon$$obj.o


    Execution Region ER_RW (Exec base: 0x20000000, Load base: 0x00000f30, Size: 0x0000083c, Max: 0xffffffff, ABSOLUTE)

    Exec Addr    Load Addr    Size         Type   Attr      Idx    E Section Name        Object

    0x20000000   0x00000f30   0x0000002c   Data   RW            5    .data               system_nuc100series.o
    0x2000002c   0x00000f5c   0x00000039   Data   RW          714    .data               main.o
    0x20000065   0x00000f95   0x000007d0   Data   RW          913    .data               lcd.o
    0x20000835   0x00001765   0x00000003   PAD
    0x20000838   0x00001768   0x00000004   Data   RW         1084    .data               mc_p.l(rand.o)


    Execution Region ER_ZI (Exec base: 0x2000083c, Load base: 0x0000176c, Size: 0x00000804, Max: 0xffffffff, ABSOLUTE)

    Exec Addr    Load Addr    Size         Type   Attr      Idx    E Section Name        Object

    0x2000083c        -       0x00000400   Zero   RW          912    .bss                lcd.o
    0x20000c3c   0x0000176c   0x00000004   PAD
    0x20000c40        -       0x00000400   Zero   RW          112    STACK               startup_nuc100series.o


==============================================================================

Image component sizes


      Code (inc. data)   RO Data    RW Data    ZI Data      Debug   Object Name

       928        126         56          0          0       6380   clk.o
        66          0          0          0          0       1528   gpio.o
       524         32          0       2000       1024       6361   lcd.o
         0          0          0          0          0      91932   lcd_1.o
       666         70          0         57          0      14017   main.o
       462         34          0          0          0       2843   spi.o
        76         32        192          0       1024        704   startup_nuc100series.o
       116         12          0          0          0      35027   sys_init.o
       146         26          0         44          0     117903   system_nuc100series.o

    ----------------------------------------------------------------------
      2996        332        280       2104       2052     276695   Object Totals
         0          0         32          0          0          0   (incl. Generated)
        12          0          0          3          4          0   (incl. Padding)

    ----------------------------------------------------------------------

      Code (inc. data)   RO Data    RW Data    ZI Data      Debug   Library Member Name

         0          0          0          0          0          0   entry.o
         0          0          0          0          0          0   entry10a.o
         0          0          0          0          0          0   entry11a.o
         8          4          0          0          0          0   entry2.o
         4          0          0          0          0          0   entry5.o
         0          0          0          0          0          0   entry7b.o
         0          0          0          0          0          0   entry8b.o
         8          4          0          0          0          0   entry9a.o
        30          0          0          0          0          0   handlers.o
        40          0          0          0          0         72   idiv.o
        36          8          0          0          0         68   init.o
       386          8          0          0          0        228   printf1.o
        36         12          0          4          0        120   rand.o
        14          0          0          0          0         60   strlen.o
        44          0          0          0          0         72   uidiv.o

    ----------------------------------------------------------------------
       612         36          0          4          0        620   Library Totals
         6          0          0          0          0          0   (incl. Padding)

    ----------------------------------------------------------------------

      Code (inc. data)   RO Data    RW Data    ZI Data      Debug   Library Name

       606         36          0          4          0        620   mc_p.l

    ----------------------------------------------------------------------
       612         36          0          4          0        620   Library Totals

    ----------------------------------------------------------------------

==============================================================================


      Code (inc. data)   RO Data    RW Data    ZI Data      Debug   

      3608        368        280       2108       2052     275751   Grand Totals
      3608        368        280       2108       2052     275751   ELF Image Totals
      3608        368        280       2108          0          0   ROM Totals

==============================================================================

    Total RO  Size (Code + RO Data)                 3888 (   3.80kB)
    Total RW  Size (RW Data + ZI Data)              4160 (   4.06kB)
    Total ROM Size (Code + RO Data + RW Data)       5996 (   5.86kB)

==============================================================================

