Component: ARM Compiler 5.06 update 5 (build 528) Tool: armlink [4d35e2]

==============================================================================

Small function inlining results

Inlined total of 0 calls.

==============================================================================

Section Cross References

    system_nuc100series.o(i.SystemCoreClockUpdate) refers to uidiv.o(.text) for __aeabi_uidivmod
    system_nuc100series.o(i.SystemCoreClockUpdate) refers to system_nuc100series.o(.data) for .data
    startup_nuc100series.o(RESET) refers to startup_nuc100series.o(STACK) for __initial_sp
    startup_nuc100series.o(RESET) refers to startup_nuc100series.o(.text) for Reset_Handler
    startup_nuc100series.o(.text) refers to system_nuc100series.o(i.SystemInit) for SystemInit
    startup_nuc100series.o(.text) refers to entry.o(.ARM.Collect$$$$00000000) for __main
    clk.o(i.CLK_DisableCKO) refers to clk.o(i.CLK_DisableModuleClock) for CLK_DisableModuleClock
    clk.o(i.CLK_DisableModuleClock) refers to clk.o(.constdata) for .constdata
    clk.o(i.CLK_EnableCKO) refers to clk.o(i.CLK_EnableModuleClock) for CLK_EnableModuleClock
    clk.o(i.CLK_EnableCKO) refers to clk.o(i.CLK_SetModuleClock) for CLK_SetModuleClock
    clk.o(i.CLK_EnableModuleClock) refers to clk.o(.constdata) for .constdata
    clk.o(i.CLK_EnablePLL) refers to clk.o(i.CLK_WaitClockReady) for CLK_WaitClockReady
    clk.o(i.CLK_EnablePLL) refers to uidiv.o(.text) for __aeabi_uidivmod
    clk.o(i.CLK_GetCPUFreq) refers to system_nuc100series.o(i.SystemCoreClockUpdate) for SystemCoreClockUpdate
    clk.o(i.CLK_GetCPUFreq) refers to system_nuc100series.o(.data) for SystemCoreClock
    clk.o(i.CLK_GetHCLKFreq) refers to system_nuc100series.o(i.SystemCoreClockUpdate) for SystemCoreClockUpdate
    clk.o(i.CLK_GetHCLKFreq) refers to system_nuc100series.o(.data) for SystemCoreClock
    clk.o(i.CLK_GetPCLKFreq) refers to system_nuc100series.o(i.SystemCoreClockUpdate) for SystemCoreClockUpdate
    clk.o(i.CLK_GetPCLKFreq) refers to system_nuc100series.o(.data) for SystemCoreClock
    clk.o(i.CLK_SetCoreClock) refers to clk.o(i.CLK_EnablePLL) for CLK_EnablePLL
    clk.o(i.CLK_SetCoreClock) refers to clk.o(i.CLK_SetHCLK) for CLK_SetHCLK
    clk.o(i.CLK_SetHCLK) refers to system_nuc100series.o(i.SystemCoreClockUpdate) for SystemCoreClockUpdate
    clk.o(i.CLK_SetModuleClock) refers to clk.o(.constdata) for .constdata
    scankey.o(i.OpenKeyPad) refers to gpio.o(i.GPIO_SetMode) for GPIO_SetMode
    seven_segment.o(i.OpenSevenSegment) refers to gpio.o(i.GPIO_SetMode) for GPIO_SetMode
    seven_segment.o(i.ShowSevenSegment) refers to seven_segment.o(i.__ARM_common_switch8) for __ARM_common_switch8
    seven_segment.o(i.ShowSevenSegment) refers to seven_segment.o(.data) for .data
    main.o(i.CLK_SysTickDelay) refers to system_nuc100series.o(.data) for CyclesPerUs
    main.o(i.Execute) refers to seven_segment.o(i.__ARM_common_switch8) for __ARM_common_switch8
    main.o(i.Execute) refers to uidiv.o(.text) for __aeabi_uidivmod
    main.o(i.Execute) refers to main.o(i.SetLEDs) for SetLEDs
    main.o(i.Execute) refers to rand.o(.text) for rand
    main.o(i.Execute) refers to idiv.o(.text) for __aeabi_idivmod
    main.o(i.Execute) refers to main.o(.data) for .data
    main.o(i.Init_GPIO) refers to gpio.o(i.GPIO_SetMode) for GPIO_SetMode
    main.o(i.Init_GPIO) refers to main.o(i.UpdateAllLEDs) for UpdateAllLEDs
    main.o(i.KeyPadRisingEdge) refers to scankey.o(i.ScanKey) for ScanKey
    main.o(i.KeyPadRisingEdge) refers to main.o(i.CLK_SysTickDelay) for CLK_SysTickDelay
    main.o(i.KeyPadRisingEdge) refers to main.o(.data) for .data
    main.o(i.SetLEDs) refers to main.o(.data) for .data
    main.o(i.ShowSevenSegmentsByDecimal) refers to seven_segment.o(i.CloseSevenSegment) for CloseSevenSegment
    main.o(i.ShowSevenSegmentsByDecimal) refers to uidiv.o(.text) for __aeabi_uidivmod
    main.o(i.ShowSevenSegmentsByDecimal) refers to seven_segment.o(i.ShowSevenSegment) for ShowSevenSegment
    main.o(i.ShowSevenSegmentsByDecimal) refers to main.o(i.CLK_SysTickDelay) for CLK_SysTickDelay
    main.o(i.UpdateAllLEDs) refers to main.o(.data) for .data
    main.o(i.UpdateLEDs) refers to main.o(.data) for .data
    main.o(i.main) refers to sys_init.o(i.SYS_Init) for SYS_Init
    main.o(i.main) refers to scankey.o(i.OpenKeyPad) for OpenKeyPad
    main.o(i.main) refers to seven_segment.o(i.OpenSevenSegment) for OpenSevenSegment
    main.o(i.main) refers to main.o(i.Init_GPIO) for Init_GPIO
    main.o(i.main) refers to rand.o(.text) for srand
    main.o(i.main) refers to main.o(i.ShowSevenSegmentsByDecimal) for ShowSevenSegmentsByDecimal
    main.o(i.main) refers to main.o(i.KeyPadRisingEdge) for KeyPadRisingEdge
    main.o(i.main) refers to main.o(.data) for .data
    main.o(i.main) refers to main.o(i.Execute) for Execute
    sys_init.o(i.SYS_Init) refers to clk.o(i.CLK_EnableXtalRC) for CLK_EnableXtalRC
    sys_init.o(i.SYS_Init) refers to clk.o(i.CLK_WaitClockReady) for CLK_WaitClockReady
    sys_init.o(i.SYS_Init) refers to clk.o(i.CLK_SetCoreClock) for CLK_SetCoreClock
    entry.o(.ARM.Collect$$$$00000000) refers (Special) to entry10a.o(.ARM.Collect$$$$0000000D) for __rt_final_cpp
    entry.o(.ARM.Collect$$$$00000000) refers (Special) to entry11a.o(.ARM.Collect$$$$0000000F) for __rt_final_exit
    entry.o(.ARM.Collect$$$$00000000) refers (Special) to entry7b.o(.ARM.Collect$$$$00000008) for _main_clock
    entry.o(.ARM.Collect$$$$00000000) refers (Special) to entry8b.o(.ARM.Collect$$$$0000000A) for _main_cpp_init
    entry.o(.ARM.Collect$$$$00000000) refers (Special) to entry9a.o(.ARM.Collect$$$$0000000B) for _main_init
    entry.o(.ARM.Collect$$$$00000000) refers (Special) to entry5.o(.ARM.Collect$$$$00000004) for _main_scatterload
    entry.o(.ARM.Collect$$$$00000000) refers (Special) to entry2.o(.ARM.Collect$$$$00000001) for _main_stk
    idiv.o(.text) refers to uidiv.o(.text) for __aeabi_uidivmod
    rand.o(.text) refers to rand.o(.data) for .data
    entry2.o(.ARM.Collect$$$$00000001) refers to entry2.o(.ARM.Collect$$$$00002712) for __lit__00000000
    entry2.o(.ARM.Collect$$$$00002712) refers to startup_nuc100series.o(STACK) for __initial_sp
    entry2.o(__vectab_stack_and_reset_area) refers to startup_nuc100series.o(STACK) for __initial_sp
    entry2.o(__vectab_stack_and_reset_area) refers to entry.o(.ARM.Collect$$$$00000000) for __main
    entry5.o(.ARM.Collect$$$$00000004) refers to init.o(.text) for __scatterload
    entry9a.o(.ARM.Collect$$$$0000000B) refers to main.o(i.main) for main
    entry9b.o(.ARM.Collect$$$$0000000C) refers to main.o(i.main) for main
    init.o(.text) refers to entry5.o(.ARM.Collect$$$$00000004) for __main_after_scatterload


==============================================================================

Removing Unused input sections from the image.

    Removing system_nuc100series.o(.rev16_text), (4 bytes).
    Removing system_nuc100series.o(.revsh_text), (4 bytes).
    Removing startup_nuc100series.o(HEAP), (0 bytes).
    Removing clk.o(.rev16_text), (4 bytes).
    Removing clk.o(.revsh_text), (4 bytes).
    Removing clk.o(i.CLK_DisableCKO), (16 bytes).
    Removing clk.o(i.CLK_DisableModuleClock), (48 bytes).
    Removing clk.o(i.CLK_DisablePLL), (16 bytes).
    Removing clk.o(i.CLK_DisableSysTick), (12 bytes).
    Removing clk.o(i.CLK_DisableXtalRC), (16 bytes).
    Removing clk.o(i.CLK_EnableCKO), (40 bytes).
    Removing clk.o(i.CLK_EnableModuleClock), (48 bytes).
    Removing clk.o(i.CLK_EnableSysTick), (56 bytes).
    Removing clk.o(i.CLK_GetCPUFreq), (16 bytes).
    Removing clk.o(i.CLK_GetHCLKFreq), (16 bytes).
    Removing clk.o(i.CLK_GetHXTFreq), (20 bytes).
    Removing clk.o(i.CLK_GetLXTFreq), (24 bytes).
    Removing clk.o(i.CLK_GetPCLKFreq), (16 bytes).
    Removing clk.o(i.CLK_Idle), (32 bytes).
    Removing clk.o(i.CLK_PowerDown), (36 bytes).
    Removing clk.o(i.CLK_SetModuleClock), (204 bytes).
    Removing clk.o(i.CLK_SetSysTickClockSrc), (20 bytes).
    Removing clk.o(.constdata), (56 bytes).
    Removing gpio.o(.rev16_text), (4 bytes).
    Removing gpio.o(.revsh_text), (4 bytes).
    Removing gpio.o(i.GPIO_DisableInt), (28 bytes).
    Removing gpio.o(i.GPIO_EnableInt), (26 bytes).
    Removing scankey.o(.rev16_text), (4 bytes).
    Removing scankey.o(.revsh_text), (4 bytes).
    Removing scankey.o(i.delay), (14 bytes).
    Removing seven_segment.o(.rev16_text), (4 bytes).
    Removing seven_segment.o(.revsh_text), (4 bytes).
    Removing main.o(.rev16_text), (4 bytes).
    Removing main.o(.revsh_text), (4 bytes).
    Removing main.o(i.UpdateLEDs), (36 bytes).
    Removing sys_init.o(.rev16_text), (4 bytes).
    Removing sys_init.o(.revsh_text), (4 bytes).

37 unused section(s) (total 852 bytes) removed from the image.

==============================================================================

Image Symbol Table

    Local Symbols

    Symbol Name                              Value     Ov Type        Size  Object(Section)

    RESET                                    0x00000000   Section      192  startup_nuc100series.o(RESET)
    ../clib/microlib/division.c              0x00000000   Number         0  idiv.o ABSOLUTE
    ../clib/microlib/division.c              0x00000000   Number         0  uidiv.o ABSOLUTE
    ../clib/microlib/init/entry.s            0x00000000   Number         0  entry7b.o ABSOLUTE
    ../clib/microlib/init/entry.s            0x00000000   Number         0  entry7a.o ABSOLUTE
    ../clib/microlib/init/entry.s            0x00000000   Number         0  entry5.o ABSOLUTE
    ../clib/microlib/init/entry.s            0x00000000   Number         0  entry2.o ABSOLUTE
    ../clib/microlib/init/entry.s            0x00000000   Number         0  entry.o ABSOLUTE
    ../clib/microlib/init/entry.s            0x00000000   Number         0  entry11b.o ABSOLUTE
    ../clib/microlib/init/entry.s            0x00000000   Number         0  entry11a.o ABSOLUTE
    ../clib/microlib/init/entry.s            0x00000000   Number         0  entry10b.o ABSOLUTE
    ../clib/microlib/init/entry.s            0x00000000   Number         0  entry10a.o ABSOLUTE
    ../clib/microlib/init/entry.s            0x00000000   Number         0  entry9b.o ABSOLUTE
    ../clib/microlib/init/entry.s            0x00000000   Number         0  entry9a.o ABSOLUTE
    ../clib/microlib/init/entry.s            0x00000000   Number         0  entry8b.o ABSOLUTE
    ../clib/microlib/init/entry.s            0x00000000   Number         0  entry8a.o ABSOLUTE
    ../clib/microlib/stdlib/rand.c           0x00000000   Number         0  rand.o ABSOLUTE
    ..\Library\Device\Nuvoton\NUC100Series\Source\ARM\startup_NUC100Series.s 0x00000000   Number         0  startup_nuc100series.o ABSOLUTE
    ..\Library\Device\Nuvoton\NUC100Series\Source\system_NUC100Series.c 0x00000000   Number         0  system_nuc100series.o ABSOLUTE
    ..\Library\Nu-LB-NUC140\Source\SYS_init.c 0x00000000   Number         0  sys_init.o ABSOLUTE
    ..\Library\Nu-LB-NUC140\Source\Scankey.c 0x00000000   Number         0  scankey.o ABSOLUTE
    ..\Library\Nu-LB-NUC140\Source\Seven_Segment.c 0x00000000   Number         0  seven_segment.o ABSOLUTE
    ..\Library\StdDriver\src\clk.c           0x00000000   Number         0  clk.o ABSOLUTE
    ..\Library\StdDriver\src\gpio.c          0x00000000   Number         0  gpio.o ABSOLUTE
    ..\\Library\\Device\\Nuvoton\\NUC100Series\\Source\\system_NUC100Series.c 0x00000000   Number         0  system_nuc100series.o ABSOLUTE
    ..\\Library\\Nu-LB-NUC140\\Source\\SYS_init.c 0x00000000   Number         0  sys_init.o ABSOLUTE
    ..\\Library\\Nu-LB-NUC140\\Source\\Scankey.c 0x00000000   Number         0  scankey.o ABSOLUTE
    ..\\Library\\Nu-LB-NUC140\\Source\\Seven_Segment.c 0x00000000   Number         0  seven_segment.o ABSOLUTE
    ..\\Library\\StdDriver\\src\\clk.c       0x00000000   Number         0  clk.o ABSOLUTE
    ..\\Library\\StdDriver\\src\\gpio.c      0x00000000   Number         0  gpio.o ABSOLUTE
    ..\\main.c                               0x00000000   Number         0  main.o ABSOLUTE
    ..\main.c                                0x00000000   Number         0  main.o ABSOLUTE
    handlers.s                               0x00000000   Number         0  handlers.o ABSOLUTE
    init.s                                   0x00000000   Number         0  init.o ABSOLUTE
    .ARM.Collect$$$$00000000                 0x000000c0   Section        0  entry.o(.ARM.Collect$$$$00000000)
    .ARM.Collect$$$$00000001                 0x000000c0   Section        4  entry2.o(.ARM.Collect$$$$00000001)
    .ARM.Collect$$$$00000004                 0x000000c4   Section        4  entry5.o(.ARM.Collect$$$$00000004)
    .ARM.Collect$$$$00000008                 0x000000c8   Section        0  entry7b.o(.ARM.Collect$$$$00000008)
    .ARM.Collect$$$$0000000A                 0x000000c8   Section        0  entry8b.o(.ARM.Collect$$$$0000000A)
    .ARM.Collect$$$$0000000B                 0x000000c8   Section        8  entry9a.o(.ARM.Collect$$$$0000000B)
    .ARM.Collect$$$$0000000D                 0x000000d0   Section        0  entry10a.o(.ARM.Collect$$$$0000000D)
    .ARM.Collect$$$$0000000F                 0x000000d0   Section        0  entry11a.o(.ARM.Collect$$$$0000000F)
    .ARM.Collect$$$$00002712                 0x000000d0   Section        4  entry2.o(.ARM.Collect$$$$00002712)
    __lit__00000000                          0x000000d0   Data           4  entry2.o(.ARM.Collect$$$$00002712)
    .text                                    0x000000d4   Section       76  startup_nuc100series.o(.text)
    Default_Handler                          0x000000ff   Thumb Code     2  startup_nuc100series.o(.text)
    .text                                    0x00000120   Section        0  uidiv.o(.text)
    .text                                    0x0000014c   Section        0  idiv.o(.text)
    .text                                    0x00000174   Section        0  rand.o(.text)
    .text                                    0x00000198   Section       36  init.o(.text)
    i.CLK_EnablePLL                          0x000001bc   Section        0  clk.o(i.CLK_EnablePLL)
    i.CLK_EnableXtalRC                       0x00000354   Section        0  clk.o(i.CLK_EnableXtalRC)
    i.CLK_SetCoreClock                       0x00000364   Section        0  clk.o(i.CLK_SetCoreClock)
    i.CLK_SetHCLK                            0x000003dc   Section        0  clk.o(i.CLK_SetHCLK)
    i.CLK_SysTickDelay                       0x00000424   Section        0  main.o(i.CLK_SysTickDelay)
    CLK_SysTickDelay                         0x00000425   Thumb Code    28  main.o(i.CLK_SysTickDelay)
    i.CLK_WaitClockReady                     0x00000448   Section        0  clk.o(i.CLK_WaitClockReady)
    i.CloseSevenSegment                      0x00000474   Section        0  seven_segment.o(i.CloseSevenSegment)
    i.Execute                                0x00000488   Section        0  main.o(i.Execute)
    i.GPIO_SetMode                           0x000004ec   Section        0  gpio.o(i.GPIO_SetMode)
    i.Init_GPIO                              0x00000514   Section        0  main.o(i.Init_GPIO)
    i.KeyPadRisingEdge                       0x0000054c   Section        0  main.o(i.KeyPadRisingEdge)
    i.OpenKeyPad                             0x00000584   Section        0  scankey.o(i.OpenKeyPad)
    i.OpenSevenSegment                       0x000005cc   Section        0  seven_segment.o(i.OpenSevenSegment)
    i.SYS_Init                               0x00000678   Section        0  sys_init.o(i.SYS_Init)
    i.ScanKey                                0x000006b0   Section        0  scankey.o(i.ScanKey)
    i.SetLEDs                                0x0000073c   Section        0  main.o(i.SetLEDs)
    i.ShowSevenSegment                       0x00000760   Section        0  seven_segment.o(i.ShowSevenSegment)
    i.ShowSevenSegmentsByDecimal             0x00000808   Section        0  main.o(i.ShowSevenSegmentsByDecimal)
    i.SystemCoreClockUpdate                  0x00000838   Section        0  system_nuc100series.o(i.SystemCoreClockUpdate)
    i.SystemInit                             0x000008c8   Section        0  system_nuc100series.o(i.SystemInit)
    i.UpdateAllLEDs                          0x000008cc   Section        0  main.o(i.UpdateAllLEDs)
    i.__ARM_common_switch8                   0x000008f0   Section        0  seven_segment.o(i.__ARM_common_switch8)
    i.__scatterload_copy                     0x0000090a   Section       14  handlers.o(i.__scatterload_copy)
    i.__scatterload_null                     0x00000918   Section        2  handlers.o(i.__scatterload_null)
    i.__scatterload_zeroinit                 0x0000091a   Section       14  handlers.o(i.__scatterload_zeroinit)
    i.main                                   0x00000928   Section        0  main.o(i.main)
    .data                                    0x20000000   Section       44  system_nuc100series.o(.data)
    .data                                    0x2000002c   Section       16  seven_segment.o(.data)
    .data                                    0x2000003c   Section       24  main.o(.data)
    random_number                            0x2000003c   Data           4  main.o(.data)
    last_state                               0x20000040   Data           4  main.o(.data)
    .data                                    0x20000054   Section        4  rand.o(.data)
    _rand_state                              0x20000054   Data           4  rand.o(.data)
    STACK                                    0x20000058   Section     1024  startup_nuc100series.o(STACK)

    Global Symbols

    Symbol Name                              Value     Ov Type        Size  Object(Section)

    BuildAttributes$$THM_ISAv3M$S$PE$A:L22$X:L11$S22$IEEE1$IW$USESV6$~STKCKD$USESV7$~SHL$OSPACE$EBA8$MICROLIB$REQ8$PRES8$EABIv2 0x00000000   Number         0  anon$$obj.o ABSOLUTE
    __ARM_use_no_argv                        0x00000000   Number         0  main.o ABSOLUTE
    __Vectors                                0x00000000   Data           4  startup_nuc100series.o(RESET)
    __cpp_initialize__aeabi_                  - Undefined Weak Reference
    __cxa_finalize                            - Undefined Weak Reference
    __decompress                              - Undefined Weak Reference
    _clock_init                               - Undefined Weak Reference
    _microlib_exit                            - Undefined Weak Reference
    __main                                   0x000000c1   Thumb Code     0  entry.o(.ARM.Collect$$$$00000000)
    _main_stk                                0x000000c1   Thumb Code     0  entry2.o(.ARM.Collect$$$$00000001)
    _main_scatterload                        0x000000c5   Thumb Code     0  entry5.o(.ARM.Collect$$$$00000004)
    __main_after_scatterload                 0x000000c9   Thumb Code     0  entry5.o(.ARM.Collect$$$$00000004)
    _main_clock                              0x000000c9   Thumb Code     0  entry7b.o(.ARM.Collect$$$$00000008)
    _main_cpp_init                           0x000000c9   Thumb Code     0  entry8b.o(.ARM.Collect$$$$0000000A)
    _main_init                               0x000000c9   Thumb Code     0  entry9a.o(.ARM.Collect$$$$0000000B)
    __rt_final_cpp                           0x000000d1   Thumb Code     0  entry10a.o(.ARM.Collect$$$$0000000D)
    __rt_final_exit                          0x000000d1   Thumb Code     0  entry11a.o(.ARM.Collect$$$$0000000F)
    Reset_Handler                            0x000000d5   Thumb Code    32  startup_nuc100series.o(.text)
    NMI_Handler                              0x000000f5   Thumb Code     2  startup_nuc100series.o(.text)
    HardFault_Handler                        0x000000f7   Thumb Code     2  startup_nuc100series.o(.text)
    SVC_Handler                              0x000000f9   Thumb Code     2  startup_nuc100series.o(.text)
    PendSV_Handler                           0x000000fb   Thumb Code     2  startup_nuc100series.o(.text)
    SysTick_Handler                          0x000000fd   Thumb Code     2  startup_nuc100series.o(.text)
    ACMP_IRQHandler                          0x000000ff   Thumb Code     0  startup_nuc100series.o(.text)
    ADC_IRQHandler                           0x000000ff   Thumb Code     0  startup_nuc100series.o(.text)
    BOD_IRQHandler                           0x000000ff   Thumb Code     0  startup_nuc100series.o(.text)
    CAN0_IRQHandler                          0x000000ff   Thumb Code     0  startup_nuc100series.o(.text)
    CAN1_IRQHandler                          0x000000ff   Thumb Code     0  startup_nuc100series.o(.text)
    EINT0_IRQHandler                         0x000000ff   Thumb Code     0  startup_nuc100series.o(.text)
    EINT1_IRQHandler                         0x000000ff   Thumb Code     0  startup_nuc100series.o(.text)
    GPAB_IRQHandler                          0x000000ff   Thumb Code     0  startup_nuc100series.o(.text)
    GPCDEF_IRQHandler                        0x000000ff   Thumb Code     0  startup_nuc100series.o(.text)
    I2C0_IRQHandler                          0x000000ff   Thumb Code     0  startup_nuc100series.o(.text)
    I2C1_IRQHandler                          0x000000ff   Thumb Code     0  startup_nuc100series.o(.text)
    I2S_IRQHandler                           0x000000ff   Thumb Code     0  startup_nuc100series.o(.text)
    PDMA_IRQHandler                          0x000000ff   Thumb Code     0  startup_nuc100series.o(.text)
    PS2_IRQHandler                           0x000000ff   Thumb Code     0  startup_nuc100series.o(.text)
    PWMA_IRQHandler                          0x000000ff   Thumb Code     0  startup_nuc100series.o(.text)
    PWMB_IRQHandler                          0x000000ff   Thumb Code     0  startup_nuc100series.o(.text)
    PWRWU_IRQHandler                         0x000000ff   Thumb Code     0  startup_nuc100series.o(.text)
    RTC_IRQHandler                           0x000000ff   Thumb Code     0  startup_nuc100series.o(.text)
    SC012_IRQHandler                         0x000000ff   Thumb Code     0  startup_nuc100series.o(.text)
    SPI0_IRQHandler                          0x000000ff   Thumb Code     0  startup_nuc100series.o(.text)
    SPI1_IRQHandler                          0x000000ff   Thumb Code     0  startup_nuc100series.o(.text)
    SPI2_IRQHandler                          0x000000ff   Thumb Code     0  startup_nuc100series.o(.text)
    SPI3_IRQHandler                          0x000000ff   Thumb Code     0  startup_nuc100series.o(.text)
    TMR0_IRQHandler                          0x000000ff   Thumb Code     0  startup_nuc100series.o(.text)
    TMR1_IRQHandler                          0x000000ff   Thumb Code     0  startup_nuc100series.o(.text)
    TMR2_IRQHandler                          0x000000ff   Thumb Code     0  startup_nuc100series.o(.text)
    TMR3_IRQHandler                          0x000000ff   Thumb Code     0  startup_nuc100series.o(.text)
    UART02_IRQHandler                        0x000000ff   Thumb Code     0  startup_nuc100series.o(.text)
    UART1_IRQHandler                         0x000000ff   Thumb Code     0  startup_nuc100series.o(.text)
    USBD_IRQHandler                          0x000000ff   Thumb Code     0  startup_nuc100series.o(.text)
    WDT_IRQHandler                           0x000000ff   Thumb Code     0  startup_nuc100series.o(.text)
    __aeabi_uidiv                            0x00000121   Thumb Code     0  uidiv.o(.text)
    __aeabi_uidivmod                         0x00000121   Thumb Code    44  uidiv.o(.text)
    __aeabi_idiv                             0x0000014d   Thumb Code     0  idiv.o(.text)
    __aeabi_idivmod                          0x0000014d   Thumb Code    40  idiv.o(.text)
    rand                                     0x00000175   Thumb Code    18  rand.o(.text)
    srand                                    0x00000187   Thumb Code     6  rand.o(.text)
    __scatterload                            0x00000199   Thumb Code    28  init.o(.text)
    __scatterload_rt2                        0x00000199   Thumb Code     0  init.o(.text)
    CLK_EnablePLL                            0x000001bd   Thumb Code   348  clk.o(i.CLK_EnablePLL)
    CLK_EnableXtalRC                         0x00000355   Thumb Code    10  clk.o(i.CLK_EnableXtalRC)
    CLK_SetCoreClock                         0x00000365   Thumb Code   112  clk.o(i.CLK_SetCoreClock)
    CLK_SetHCLK                              0x000003dd   Thumb Code    66  clk.o(i.CLK_SetHCLK)
    CLK_WaitClockReady                       0x00000449   Thumb Code    34  clk.o(i.CLK_WaitClockReady)
    CloseSevenSegment                        0x00000475   Thumb Code    14  seven_segment.o(i.CloseSevenSegment)
    Execute                                  0x00000489   Thumb Code    96  main.o(i.Execute)
    GPIO_SetMode                             0x000004ed   Thumb Code    40  gpio.o(i.GPIO_SetMode)
    Init_GPIO                                0x00000515   Thumb Code    52  main.o(i.Init_GPIO)
    KeyPadRisingEdge                         0x0000054d   Thumb Code    46  main.o(i.KeyPadRisingEdge)
    OpenKeyPad                               0x00000585   Thumb Code    66  scankey.o(i.OpenKeyPad)
    OpenSevenSegment                         0x000005cd   Thumb Code   162  seven_segment.o(i.OpenSevenSegment)
    SYS_Init                                 0x00000679   Thumb Code    48  sys_init.o(i.SYS_Init)
    ScanKey                                  0x000006b1   Thumb Code   136  scankey.o(i.ScanKey)
    SetLEDs                                  0x0000073d   Thumb Code    32  main.o(i.SetLEDs)
    ShowSevenSegment                         0x00000761   Thumb Code   158  seven_segment.o(i.ShowSevenSegment)
    ShowSevenSegmentsByDecimal               0x00000809   Thumb Code    42  main.o(i.ShowSevenSegmentsByDecimal)
    SystemCoreClockUpdate                    0x00000839   Thumb Code   118  system_nuc100series.o(i.SystemCoreClockUpdate)
    SystemInit                               0x000008c9   Thumb Code     2  system_nuc100series.o(i.SystemInit)
    UpdateAllLEDs                            0x000008cd   Thumb Code    30  main.o(i.UpdateAllLEDs)
    __ARM_common_switch8                     0x000008f1   Thumb Code    26  seven_segment.o(i.__ARM_common_switch8)
    __scatterload_copy                       0x0000090b   Thumb Code    14  handlers.o(i.__scatterload_copy)
    __scatterload_null                       0x00000919   Thumb Code     2  handlers.o(i.__scatterload_null)
    __scatterload_zeroinit                   0x0000091b   Thumb Code    14  handlers.o(i.__scatterload_zeroinit)
    main                                     0x00000929   Thumb Code    38  main.o(i.main)
    Region$$Table$$Base                      0x00000958   Number         0  anon$$obj.o(Region$$Table)
    Region$$Table$$Limit                     0x00000978   Number         0  anon$$obj.o(Region$$Table)
    SystemCoreClock                          0x20000000   Data           4  system_nuc100series.o(.data)
    CyclesPerUs                              0x20000004   Data           4  system_nuc100series.o(.data)
    PllClock                                 0x20000008   Data           4  system_nuc100series.o(.data)
    gau32ClkSrcTbl                           0x2000000c   Data          32  system_nuc100series.o(.data)
    SEG_BUF                                  0x2000002c   Data          16  seven_segment.o(.data)
    leds                                     0x20000044   Data          16  main.o(.data)
    __initial_sp                             0x20000458   Data           0  startup_nuc100series.o(STACK)



==============================================================================

Memory Map of the image

  Image Entry point : 0x000000d5

  Load Region LR_1 (Base: 0x00000000, Size: 0x000009d0, Max: 0xffffffff, ABSOLUTE)

    Execution Region ER_RO (Exec base: 0x00000000, Load base: 0x00000000, Size: 0x00000978, Max: 0xffffffff, ABSOLUTE)

    Exec Addr    Load Addr    Size         Type   Attr      Idx    E Section Name        Object

    0x00000000   0x00000000   0x000000c0   Data   RO          114    RESET               startup_nuc100series.o
    0x000000c0   0x000000c0   0x00000000   Code   RO          558  * .ARM.Collect$$$$00000000  mc_p.l(entry.o)
    0x000000c0   0x000000c0   0x00000004   Code   RO          566    .ARM.Collect$$$$00000001  mc_p.l(entry2.o)
    0x000000c4   0x000000c4   0x00000004   Code   RO          569    .ARM.Collect$$$$00000004  mc_p.l(entry5.o)
    0x000000c8   0x000000c8   0x00000000   Code   RO          571    .ARM.Collect$$$$00000008  mc_p.l(entry7b.o)
    0x000000c8   0x000000c8   0x00000000   Code   RO          573    .ARM.Collect$$$$0000000A  mc_p.l(entry8b.o)
    0x000000c8   0x000000c8   0x00000008   Code   RO          574    .ARM.Collect$$$$0000000B  mc_p.l(entry9a.o)
    0x000000d0   0x000000d0   0x00000000   Code   RO          576    .ARM.Collect$$$$0000000D  mc_p.l(entry10a.o)
    0x000000d0   0x000000d0   0x00000000   Code   RO          578    .ARM.Collect$$$$0000000F  mc_p.l(entry11a.o)
    0x000000d0   0x000000d0   0x00000004   Code   RO          567    .ARM.Collect$$$$00002712  mc_p.l(entry2.o)
    0x000000d4   0x000000d4   0x0000004c   Code   RO          115  * .text               startup_nuc100series.o
    0x00000120   0x00000120   0x0000002c   Code   RO          559    .text               mc_p.l(uidiv.o)
    0x0000014c   0x0000014c   0x00000028   Code   RO          561    .text               mc_p.l(idiv.o)
    0x00000174   0x00000174   0x00000024   Code   RO          563    .text               mc_p.l(rand.o)
    0x00000198   0x00000198   0x00000024   Code   RO          580    .text               mc_p.l(init.o)
    0x000001bc   0x000001bc   0x00000198   Code   RO          128    i.CLK_EnablePLL     clk.o
    0x00000354   0x00000354   0x00000010   Code   RO          130    i.CLK_EnableXtalRC  clk.o
    0x00000364   0x00000364   0x00000078   Code   RO          138    i.CLK_SetCoreClock  clk.o
    0x000003dc   0x000003dc   0x00000048   Code   RO          139    i.CLK_SetHCLK       clk.o
    0x00000424   0x00000424   0x00000024   Code   RO          410    i.CLK_SysTickDelay  main.o
    0x00000448   0x00000448   0x0000002c   Code   RO          142    i.CLK_WaitClockReady  clk.o
    0x00000474   0x00000474   0x00000014   Code   RO          370    i.CloseSevenSegment  seven_segment.o
    0x00000488   0x00000488   0x00000064   Code   RO          411    i.Execute           main.o
    0x000004ec   0x000004ec   0x00000028   Code   RO          274    i.GPIO_SetMode      gpio.o
    0x00000514   0x00000514   0x00000038   Code   RO          412    i.Init_GPIO         main.o
    0x0000054c   0x0000054c   0x00000038   Code   RO          413    i.KeyPadRisingEdge  main.o
    0x00000584   0x00000584   0x00000048   Code   RO          307    i.OpenKeyPad        scankey.o
    0x000005cc   0x000005cc   0x000000ac   Code   RO          371    i.OpenSevenSegment  seven_segment.o
    0x00000678   0x00000678   0x00000038   Code   RO          534    i.SYS_Init          sys_init.o
    0x000006b0   0x000006b0   0x0000008c   Code   RO          308    i.ScanKey           scankey.o
    0x0000073c   0x0000073c   0x00000024   Code   RO          414    i.SetLEDs           main.o
    0x00000760   0x00000760   0x000000a8   Code   RO          372    i.ShowSevenSegment  seven_segment.o
    0x00000808   0x00000808   0x00000030   Code   RO          415    i.ShowSevenSegmentsByDecimal  main.o
    0x00000838   0x00000838   0x00000090   Code   RO            3    i.SystemCoreClockUpdate  system_nuc100series.o
    0x000008c8   0x000008c8   0x00000002   Code   RO            4    i.SystemInit        system_nuc100series.o
    0x000008ca   0x000008ca   0x00000002   PAD
    0x000008cc   0x000008cc   0x00000024   Code   RO          416    i.UpdateAllLEDs     main.o
    0x000008f0   0x000008f0   0x0000001a   Code   RO          400    i.__ARM_common_switch8  seven_segment.o
    0x0000090a   0x0000090a   0x0000000e   Code   RO          584    i.__scatterload_copy  mc_p.l(handlers.o)
    0x00000918   0x00000918   0x00000002   Code   RO          585    i.__scatterload_null  mc_p.l(handlers.o)
    0x0000091a   0x0000091a   0x0000000e   Code   RO          586    i.__scatterload_zeroinit  mc_p.l(handlers.o)
    0x00000928   0x00000928   0x00000030   Code   RO          418    i.main              main.o
    0x00000958   0x00000958   0x00000020   Data   RO          582    Region$$Table       anon$$obj.o


    Execution Region ER_RW (Exec base: 0x20000000, Load base: 0x00000978, Size: 0x00000058, Max: 0xffffffff, ABSOLUTE)

    Exec Addr    Load Addr    Size         Type   Attr      Idx    E Section Name        Object

    0x20000000   0x00000978   0x0000002c   Data   RW            5    .data               system_nuc100series.o
    0x2000002c   0x000009a4   0x00000010   Data   RW          373    .data               seven_segment.o
    0x2000003c   0x000009b4   0x00000018   Data   RW          419    .data               main.o
    0x20000054   0x000009cc   0x00000004   Data   RW          564    .data               mc_p.l(rand.o)


    Execution Region ER_ZI (Exec base: 0x20000058, Load base: 0x000009d0, Size: 0x00000400, Max: 0xffffffff, ABSOLUTE)

    Exec Addr    Load Addr    Size         Type   Attr      Idx    E Section Name        Object

    0x20000058        -       0x00000400   Zero   RW          112    STACK               startup_nuc100series.o


==============================================================================

Image component sizes


      Code (inc. data)   RO Data    RW Data    ZI Data      Debug   Object Name

       660         90          0          0          0       4481   clk.o
        40          0          0          0          0        955   gpio.o
       416         64          0         24          0       4904   main.o
       212         10          0          0          0       2475   scankey.o
       386         46          0         16          0       2952   seven_segment.o
        76         32        192          0       1024        704   startup_nuc100series.o
        56          8          0          0          0      34951   sys_init.o
       146         26          0         44          0     117903   system_nuc100series.o

    ----------------------------------------------------------------------
      1994        276        224         84       1024     169325   Object Totals
         0          0         32          0          0          0   (incl. Generated)
         2          0          0          0          0          0   (incl. Padding)

    ----------------------------------------------------------------------

      Code (inc. data)   RO Data    RW Data    ZI Data      Debug   Library Member Name

         0          0          0          0          0          0   entry.o
         0          0          0          0          0          0   entry10a.o
         0          0          0          0          0          0   entry11a.o
         8          4          0          0          0          0   entry2.o
         4          0          0          0          0          0   entry5.o
         0          0          0          0          0          0   entry7b.o
         0          0          0          0          0          0   entry8b.o
         8          4          0          0          0          0   entry9a.o
        30          0          0          0          0          0   handlers.o
        40          0          0          0          0         72   idiv.o
        36          8          0          0          0         68   init.o
        36         12          0          4          0        120   rand.o
        44          0          0          0          0         72   uidiv.o

    ----------------------------------------------------------------------
       206         28          0          4          0        332   Library Totals
         0          0          0          0          0          0   (incl. Padding)

    ----------------------------------------------------------------------

      Code (inc. data)   RO Data    RW Data    ZI Data      Debug   Library Name

       206         28          0          4          0        332   mc_p.l

    ----------------------------------------------------------------------
       206         28          0          4          0        332   Library Totals

    ----------------------------------------------------------------------

==============================================================================


      Code (inc. data)   RO Data    RW Data    ZI Data      Debug   

      2200        304        224         88       1024     168841   Grand Totals
      2200        304        224         88       1024     168841   ELF Image Totals
      2200        304        224         88          0          0   ROM Totals

==============================================================================

    Total RO  Size (Code + RO Data)                 2424 (   2.37kB)
    Total RW  Size (RW Data + ZI Data)              1112 (   1.09kB)
    Total ROM Size (Code + RO Data + RW Data)       2512 (   2.45kB)

==============================================================================

