Component: ARM Compiler 5.06 update 5 (build 528) Tool: armlink [4d35e2]

==============================================================================

Small function inlining results

Inlined total of 0 calls.

==============================================================================

Section Cross References

    system_nuc100series.o(i.SystemCoreClockUpdate) refers to uidiv.o(.text) for __aeabi_uidivmod
    system_nuc100series.o(i.SystemCoreClockUpdate) refers to system_nuc100series.o(.data) for .data
    startup_nuc100series.o(RESET) refers to startup_nuc100series.o(STACK) for __initial_sp
    startup_nuc100series.o(RESET) refers to startup_nuc100series.o(.text) for Reset_Handler
    startup_nuc100series.o(RESET) refers to main.o(i.ADC_IRQHandler) for ADC_IRQHandler
    startup_nuc100series.o(.text) refers to system_nuc100series.o(i.SystemInit) for SystemInit
    startup_nuc100series.o(.text) refers to entry.o(.ARM.Collect$$$$00000000) for __main
    clk.o(i.CLK_DisableCKO) refers to clk.o(i.CLK_DisableModuleClock) for CLK_DisableModuleClock
    clk.o(i.CLK_DisableModuleClock) refers to clk.o(.constdata) for .constdata
    clk.o(i.CLK_EnableCKO) refers to clk.o(i.CLK_EnableModuleClock) for CLK_EnableModuleClock
    clk.o(i.CLK_EnableCKO) refers to clk.o(i.CLK_SetModuleClock) for CLK_SetModuleClock
    clk.o(i.CLK_EnableModuleClock) refers to clk.o(.constdata) for .constdata
    clk.o(i.CLK_EnablePLL) refers to clk.o(i.CLK_WaitClockReady) for CLK_WaitClockReady
    clk.o(i.CLK_EnablePLL) refers to uidiv.o(.text) for __aeabi_uidivmod
    clk.o(i.CLK_GetCPUFreq) refers to system_nuc100series.o(i.SystemCoreClockUpdate) for SystemCoreClockUpdate
    clk.o(i.CLK_GetCPUFreq) refers to system_nuc100series.o(.data) for SystemCoreClock
    clk.o(i.CLK_GetHCLKFreq) refers to system_nuc100series.o(i.SystemCoreClockUpdate) for SystemCoreClockUpdate
    clk.o(i.CLK_GetHCLKFreq) refers to system_nuc100series.o(.data) for SystemCoreClock
    clk.o(i.CLK_GetPCLKFreq) refers to system_nuc100series.o(i.SystemCoreClockUpdate) for SystemCoreClockUpdate
    clk.o(i.CLK_GetPCLKFreq) refers to system_nuc100series.o(.data) for SystemCoreClock
    clk.o(i.CLK_SetCoreClock) refers to clk.o(i.CLK_EnablePLL) for CLK_EnablePLL
    clk.o(i.CLK_SetCoreClock) refers to clk.o(i.CLK_SetHCLK) for CLK_SetHCLK
    clk.o(i.CLK_SetHCLK) refers to system_nuc100series.o(i.SystemCoreClockUpdate) for SystemCoreClockUpdate
    clk.o(i.CLK_SetModuleClock) refers to clk.o(.constdata) for .constdata
    scankey_1.o(i.OpenKeyPad) refers to gpio.o(i.GPIO_SetMode) for GPIO_SetMode
    seven_segment.o(i.OpenSevenSegment) refers to gpio.o(i.GPIO_SetMode) for GPIO_SetMode
    seven_segment.o(i.ShowSevenSegment) refers to seven_segment.o(i.__ARM_common_switch8) for __ARM_common_switch8
    seven_segment.o(i.ShowSevenSegment) refers to seven_segment.o(.data) for .data
    spi.o(i.CLK_GetPLLClockFreq) refers to uidiv.o(.text) for __aeabi_uidivmod
    spi.o(i.SPI_GetBusClock) refers to clk.o(i.CLK_GetHCLKFreq) for CLK_GetHCLKFreq
    spi.o(i.SPI_GetBusClock) refers to spi.o(i.CLK_GetPLLClockFreq) for CLK_GetPLLClockFreq
    spi.o(i.SPI_GetBusClock) refers to uidiv.o(.text) for __aeabi_uidivmod
    spi.o(i.SPI_Open) refers to clk.o(i.CLK_GetHCLKFreq) for CLK_GetHCLKFreq
    spi.o(i.SPI_Open) refers to spi.o(i.CLK_GetPLLClockFreq) for CLK_GetPLLClockFreq
    spi.o(i.SPI_Open) refers to uidiv.o(.text) for __aeabi_uidivmod
    spi.o(i.SPI_SetBusClock) refers to clk.o(i.CLK_GetHCLKFreq) for CLK_GetHCLKFreq
    spi.o(i.SPI_SetBusClock) refers to spi.o(i.CLK_GetPLLClockFreq) for CLK_GetPLLClockFreq
    spi.o(i.SPI_SetBusClock) refers to uidiv.o(.text) for __aeabi_uidivmod
    uart.o(i.CLK_GetPLLClockFreq) refers to uidiv.o(.text) for __aeabi_uidivmod
    uart.o(i.UART_Open) refers to uart.o(i.CLK_GetPLLClockFreq) for CLK_GetPLLClockFreq
    uart.o(i.UART_Open) refers to uidiv.o(.text) for __aeabi_uidivmod
    uart.o(i.UART_Open) refers to uart.o(.constdata) for .constdata
    uart.o(i.UART_SelectIrDAMode) refers to uart.o(i.CLK_GetPLLClockFreq) for CLK_GetPLLClockFreq
    uart.o(i.UART_SelectIrDAMode) refers to uidiv.o(.text) for __aeabi_uidivmod
    uart.o(i.UART_SelectIrDAMode) refers to uart.o(.constdata) for .constdata
    uart.o(i.UART_SetLine_Config) refers to uart.o(i.CLK_GetPLLClockFreq) for CLK_GetPLLClockFreq
    uart.o(i.UART_SetLine_Config) refers to uidiv.o(.text) for __aeabi_uidivmod
    uart.o(i.UART_SetLine_Config) refers to uart.o(.constdata) for .constdata
    main.o(i.ADC_IRQHandler) refers to main.o(.data) for .data
    main.o(i.Buzz) refers to main.o(i.CLK_SysTickDelay) for CLK_SysTickDelay
    main.o(i.CLK_SysTickDelay) refers to system_nuc100series.o(.data) for CyclesPerUs
    main.o(i.Evaluate) refers to main.o(i.Buzz) for Buzz
    main.o(i.Evaluate) refers to main.o(i.handleCollision) for handleCollision
    main.o(i.Evaluate) refers to main.o(.data) for .data
    main.o(i.Execute) refers to main.o(i.ResetState) for ResetState
    main.o(i.Execute) refers to main.o(.data) for .data
    main.o(i.InitBuzzer) refers to gpio.o(i.GPIO_SetMode) for GPIO_SetMode
    main.o(i.Init_ADC) refers to adc.o(i.ADC_Open) for ADC_Open
    main.o(i.Init_ADC) refers to adc.o(i.ADC_EnableInt) for ADC_EnableInt
    main.o(i.KeyPadRisingEdge) refers to scankey_1.o(i.ScanKey) for ScanKey
    main.o(i.KeyPadRisingEdge) refers to main.o(i.CLK_SysTickDelay) for CLK_SysTickDelay
    main.o(i.KeyPadRisingEdge) refers to main.o(.data) for .data
    main.o(i.ResetState) refers to rand.o(.text) for rand
    main.o(i.ResetState) refers to idiv.o(.text) for __aeabi_idivmod
    main.o(i.ResetState) refers to main.o(.data) for .data
    main.o(i.Show) refers to draw2d.o(i.draw_Line) for draw_Line
    main.o(i.Show) refers to lcd.o(i.printS) for printS
    main.o(i.Show) refers to main.o(i.CLK_SysTickDelay) for CLK_SysTickDelay
    main.o(i.Show) refers to main.o(.data) for .data
    main.o(i.handleCollision) refers to main.o(i.Buzz) for Buzz
    main.o(i.handleCollision) refers to main.o(.data) for .data
    main.o(i.main) refers to main.o(i.InitBuzzer) for InitBuzzer
    main.o(i.main) refers to sys_init.o(i.SYS_Init) for SYS_Init
    main.o(i.main) refers to main.o(i.Init_ADC) for Init_ADC
    main.o(i.main) refers to lcd.o(i.init_LCD) for init_LCD
    main.o(i.main) refers to lcd.o(i.clear_LCD) for clear_LCD
    main.o(i.main) refers to main.o(i.KeyPadRisingEdge) for KeyPadRisingEdge
    main.o(i.main) refers to main.o(i.Evaluate) for Evaluate
    main.o(i.main) refers to main.o(i.Show) for Show
    main.o(i.main) refers to rand.o(.text) for srand
    main.o(i.main) refers to main.o(i.Execute) for Execute
    sys_init.o(i.SYS_Init) refers to clk.o(i.CLK_EnableXtalRC) for CLK_EnableXtalRC
    sys_init.o(i.SYS_Init) refers to clk.o(i.CLK_WaitClockReady) for CLK_WaitClockReady
    sys_init.o(i.SYS_Init) refers to clk.o(i.CLK_SetCoreClock) for CLK_SetCoreClock
    sys_init.o(i.SYS_Init) refers to clk.o(i.CLK_EnableModuleClock) for CLK_EnableModuleClock
    sys_init.o(i.SYS_Init) refers to clk.o(i.CLK_SetModuleClock) for CLK_SetModuleClock
    lcd.o(i.clear_LCD) refers to lcd.o(i.lcdSetAddr) for lcdSetAddr
    lcd.o(i.clear_LCD) refers to lcd.o(i.lcdWriteData) for lcdWriteData
    lcd.o(i.clear_LCD) refers to lcd.o(.bss) for .bss
    lcd.o(i.draw_Bmp120x8) refers to lcd.o(i.draw_Pixel) for draw_Pixel
    lcd.o(i.draw_Bmp16x16) refers to lcd.o(i.draw_Pixel) for draw_Pixel
    lcd.o(i.draw_Bmp16x24) refers to lcd.o(i.draw_Pixel) for draw_Pixel
    lcd.o(i.draw_Bmp16x32) refers to lcd.o(i.draw_Pixel) for draw_Pixel
    lcd.o(i.draw_Bmp16x40) refers to lcd.o(i.draw_Pixel) for draw_Pixel
    lcd.o(i.draw_Bmp16x48) refers to lcd.o(i.draw_Pixel) for draw_Pixel
    lcd.o(i.draw_Bmp16x64) refers to lcd.o(i.draw_Pixel) for draw_Pixel
    lcd.o(i.draw_Bmp16x8) refers to lcd.o(i.draw_Pixel) for draw_Pixel
    lcd.o(i.draw_Bmp32x16) refers to lcd.o(i.draw_Pixel) for draw_Pixel
    lcd.o(i.draw_Bmp32x32) refers to lcd.o(i.draw_Pixel) for draw_Pixel
    lcd.o(i.draw_Bmp32x48) refers to lcd.o(i.draw_Pixel) for draw_Pixel
    lcd.o(i.draw_Bmp32x64) refers to lcd.o(i.draw_Pixel) for draw_Pixel
    lcd.o(i.draw_Bmp32x8) refers to lcd.o(i.draw_Pixel) for draw_Pixel
    lcd.o(i.draw_Bmp64x64) refers to lcd.o(i.draw_Pixel) for draw_Pixel
    lcd.o(i.draw_Bmp8x16) refers to lcd.o(i.draw_Pixel) for draw_Pixel
    lcd.o(i.draw_Bmp8x8) refers to lcd.o(i.draw_Pixel) for draw_Pixel
    lcd.o(i.draw_LCD) refers to lcd.o(i.lcdSetAddr) for lcdSetAddr
    lcd.o(i.draw_LCD) refers to lcd.o(i.lcdWriteData) for lcdWriteData
    lcd.o(i.draw_Pixel) refers to lcd.o(i.lcdSetAddr) for lcdSetAddr
    lcd.o(i.draw_Pixel) refers to lcd.o(i.lcdWriteData) for lcdWriteData
    lcd.o(i.draw_Pixel) refers to lcd.o(.bss) for .bss
    lcd.o(i.init_LCD) refers to lcd.o(i.init_SPI3) for init_SPI3
    lcd.o(i.init_LCD) refers to lcd.o(i.lcdWriteCommand) for lcdWriteCommand
    lcd.o(i.init_SPI3) refers to spi.o(i.SPI_Open) for SPI_Open
    lcd.o(i.init_SPI3) refers to spi.o(i.SPI_DisableAutoSS) for SPI_DisableAutoSS
    lcd.o(i.printC) refers to lcd.o(i.lcdSetAddr) for lcdSetAddr
    lcd.o(i.printC) refers to lcd.o(i.lcdWriteData) for lcdWriteData
    lcd.o(i.printC) refers to lcd.o(.data) for .data
    lcd.o(i.printC_5x7) refers to lcd.o(i.lcdSetAddr) for lcdSetAddr
    lcd.o(i.printC_5x7) refers to lcd.o(i.lcdWriteData) for lcdWriteData
    lcd.o(i.printC_5x7) refers to lcd.o(.data) for .data
    lcd.o(i.printS) refers to lcd.o(i.printC) for printC
    lcd.o(i.printS) refers to strlen.o(.text) for strlen
    lcd.o(i.printS_5x7) refers to lcd.o(i.printC_5x7) for printC_5x7
    lcd.o(i.printS_5x7) refers to strlen.o(.text) for strlen
    lcd.o(i.print_Line) refers to lcd.o(i.printC) for printC
    lcd.o(i.print_Line) refers to strlen.o(.text) for strlen
    draw2d.o(i.draw_Circle) refers to lcd.o(i.draw_Pixel) for draw_Pixel
    draw2d.o(i.draw_Line) refers to lcd.o(i.draw_Pixel) for draw_Pixel
    draw2d.o(i.draw_Rectangle) refers to lcd.o(i.draw_Pixel) for draw_Pixel
    draw2d.o(i.draw_Triangle) refers to draw2d.o(i.draw_Line) for draw_Line
    draw2d.o(i.fill_Rectangle) refers to lcd.o(i.draw_Pixel) for draw_Pixel
    entry.o(.ARM.Collect$$$$00000000) refers (Special) to entry10a.o(.ARM.Collect$$$$0000000D) for __rt_final_cpp
    entry.o(.ARM.Collect$$$$00000000) refers (Special) to entry11a.o(.ARM.Collect$$$$0000000F) for __rt_final_exit
    entry.o(.ARM.Collect$$$$00000000) refers (Special) to entry7b.o(.ARM.Collect$$$$00000008) for _main_clock
    entry.o(.ARM.Collect$$$$00000000) refers (Special) to entry8b.o(.ARM.Collect$$$$0000000A) for _main_cpp_init
    entry.o(.ARM.Collect$$$$00000000) refers (Special) to entry9a.o(.ARM.Collect$$$$0000000B) for _main_init
    entry.o(.ARM.Collect$$$$00000000) refers (Special) to entry5.o(.ARM.Collect$$$$00000004) for _main_scatterload
    entry.o(.ARM.Collect$$$$00000000) refers (Special) to entry2.o(.ARM.Collect$$$$00000001) for _main_stk
    idiv.o(.text) refers to uidiv.o(.text) for __aeabi_uidivmod
    rand.o(.text) refers to rand.o(.data) for .data
    entry2.o(.ARM.Collect$$$$00000001) refers to entry2.o(.ARM.Collect$$$$00002712) for __lit__00000000
    entry2.o(.ARM.Collect$$$$00002712) refers to startup_nuc100series.o(STACK) for __initial_sp
    entry2.o(__vectab_stack_and_reset_area) refers to startup_nuc100series.o(STACK) for __initial_sp
    entry2.o(__vectab_stack_and_reset_area) refers to entry.o(.ARM.Collect$$$$00000000) for __main
    entry5.o(.ARM.Collect$$$$00000004) refers to init.o(.text) for __scatterload
    entry9a.o(.ARM.Collect$$$$0000000B) refers to main.o(i.main) for main
    entry9b.o(.ARM.Collect$$$$0000000C) refers to main.o(i.main) for main
    init.o(.text) refers to entry5.o(.ARM.Collect$$$$00000004) for __main_after_scatterload


==============================================================================

Removing Unused input sections from the image.

    Removing system_nuc100series.o(.rev16_text), (4 bytes).
    Removing system_nuc100series.o(.revsh_text), (4 bytes).
    Removing startup_nuc100series.o(HEAP), (0 bytes).
    Removing clk.o(.rev16_text), (4 bytes).
    Removing clk.o(.revsh_text), (4 bytes).
    Removing clk.o(i.CLK_DisableCKO), (16 bytes).
    Removing clk.o(i.CLK_DisableModuleClock), (48 bytes).
    Removing clk.o(i.CLK_DisablePLL), (16 bytes).
    Removing clk.o(i.CLK_DisableSysTick), (12 bytes).
    Removing clk.o(i.CLK_DisableXtalRC), (16 bytes).
    Removing clk.o(i.CLK_EnableCKO), (40 bytes).
    Removing clk.o(i.CLK_EnableSysTick), (56 bytes).
    Removing clk.o(i.CLK_GetCPUFreq), (16 bytes).
    Removing clk.o(i.CLK_GetHXTFreq), (20 bytes).
    Removing clk.o(i.CLK_GetLXTFreq), (24 bytes).
    Removing clk.o(i.CLK_GetPCLKFreq), (16 bytes).
    Removing clk.o(i.CLK_Idle), (32 bytes).
    Removing clk.o(i.CLK_PowerDown), (36 bytes).
    Removing clk.o(i.CLK_SetSysTickClockSrc), (20 bytes).
    Removing gpio.o(.rev16_text), (4 bytes).
    Removing gpio.o(.revsh_text), (4 bytes).
    Removing gpio.o(i.GPIO_DisableInt), (28 bytes).
    Removing gpio.o(i.GPIO_EnableInt), (26 bytes).
    Removing scankey_1.o(.rev16_text), (4 bytes).
    Removing scankey_1.o(.revsh_text), (4 bytes).
    Removing scankey_1.o(i.OpenKeyPad), (72 bytes).
    Removing scankey_1.o(i.delay), (14 bytes).
    Removing seven_segment.o(.rev16_text), (4 bytes).
    Removing seven_segment.o(.revsh_text), (4 bytes).
    Removing seven_segment.o(i.CloseSevenSegment), (20 bytes).
    Removing seven_segment.o(i.OpenSevenSegment), (172 bytes).
    Removing seven_segment.o(i.ShowSevenSegment), (168 bytes).
    Removing seven_segment.o(.data), (16 bytes).
    Removing sys.o(.rev16_text), (4 bytes).
    Removing sys.o(.revsh_text), (4 bytes).
    Removing sys.o(i.SYS_ClearResetSrc), (12 bytes).
    Removing sys.o(i.SYS_DisableBOD), (14 bytes).
    Removing sys.o(i.SYS_EnableBOD), (36 bytes).
    Removing sys.o(i.SYS_GetBODStatus), (12 bytes).
    Removing sys.o(i.SYS_GetResetSrc), (8 bytes).
    Removing sys.o(i.SYS_IsRegLocked), (16 bytes).
    Removing sys.o(i.SYS_ReadPDID), (8 bytes).
    Removing sys.o(i.SYS_ResetCPU), (14 bytes).
    Removing sys.o(i.SYS_ResetChip), (14 bytes).
    Removing sys.o(i.SYS_ResetModule), (26 bytes).
    Removing spi.o(.rev16_text), (4 bytes).
    Removing spi.o(.revsh_text), (4 bytes).
    Removing spi.o(i.SPI_ClearIntFlag), (48 bytes).
    Removing spi.o(i.SPI_ClearRxFIFO), (10 bytes).
    Removing spi.o(i.SPI_ClearTxFIFO), (10 bytes).
    Removing spi.o(i.SPI_Close), (72 bytes).
    Removing spi.o(i.SPI_DisableFIFO), (12 bytes).
    Removing spi.o(i.SPI_DisableInt), (80 bytes).
    Removing spi.o(i.SPI_EnableAutoSS), (18 bytes).
    Removing spi.o(i.SPI_EnableFIFO), (30 bytes).
    Removing spi.o(i.SPI_EnableInt), (80 bytes).
    Removing spi.o(i.SPI_GetBusClock), (100 bytes).
    Removing spi.o(i.SPI_GetIntFlag), (88 bytes).
    Removing spi.o(i.SPI_GetStatus), (74 bytes).
    Removing spi.o(i.SPI_SetBusClock), (284 bytes).
    Removing uart.o(.rev16_text), (4 bytes).
    Removing uart.o(.revsh_text), (4 bytes).
    Removing uart.o(i.CLK_GetPLLClockFreq), (88 bytes).
    Removing uart.o(i.UART_ClearIntFlag), (56 bytes).
    Removing uart.o(i.UART_Close), (6 bytes).
    Removing uart.o(i.UART_DisableFlowCtrl), (12 bytes).
    Removing uart.o(i.UART_DisableInt), (48 bytes).
    Removing uart.o(i.UART_EnableFlowCtrl), (30 bytes).
    Removing uart.o(i.UART_EnableInt), (48 bytes).
    Removing uart.o(i.UART_Open), (136 bytes).
    Removing uart.o(i.UART_Read), (44 bytes).
    Removing uart.o(i.UART_SelectIrDAMode), (132 bytes).
    Removing uart.o(i.UART_SelectLINMode), (24 bytes).
    Removing uart.o(i.UART_SelectRS485Mode), (32 bytes).
    Removing uart.o(i.UART_SetLine_Config), (128 bytes).
    Removing uart.o(i.UART_SetTimeoutCnt), (22 bytes).
    Removing uart.o(i.UART_Write), (44 bytes).
    Removing uart.o(.constdata), (48 bytes).
    Removing adc.o(.rev16_text), (4 bytes).
    Removing adc.o(.revsh_text), (4 bytes).
    Removing adc.o(i.ADC_Close), (10 bytes).
    Removing adc.o(i.ADC_DisableHWTrigger), (12 bytes).
    Removing adc.o(i.ADC_DisableInt), (36 bytes).
    Removing adc.o(i.ADC_EnableHWTrigger), (28 bytes).
    Removing main.o(.rev16_text), (4 bytes).
    Removing main.o(.revsh_text), (4 bytes).
    Removing main.o(.data), (2 bytes).
    Removing main.o(.data), (2 bytes).
    Removing sys_init.o(.rev16_text), (4 bytes).
    Removing sys_init.o(.revsh_text), (4 bytes).
    Removing lcd.o(.rev16_text), (4 bytes).
    Removing lcd.o(.revsh_text), (4 bytes).
    Removing lcd.o(i.draw_Bmp120x8), (74 bytes).
    Removing lcd.o(i.draw_Bmp16x16), (102 bytes).
    Removing lcd.o(i.draw_Bmp16x24), (102 bytes).
    Removing lcd.o(i.draw_Bmp16x32), (102 bytes).
    Removing lcd.o(i.draw_Bmp16x40), (102 bytes).
    Removing lcd.o(i.draw_Bmp16x48), (102 bytes).
    Removing lcd.o(i.draw_Bmp16x64), (102 bytes).
    Removing lcd.o(i.draw_Bmp16x8), (74 bytes).
    Removing lcd.o(i.draw_Bmp32x16), (132 bytes).
    Removing lcd.o(i.draw_Bmp32x32), (132 bytes).
    Removing lcd.o(i.draw_Bmp32x48), (132 bytes).
    Removing lcd.o(i.draw_Bmp32x64), (132 bytes).
    Removing lcd.o(i.draw_Bmp32x8), (74 bytes).
    Removing lcd.o(i.draw_Bmp64x64), (132 bytes).
    Removing lcd.o(i.draw_Bmp8x16), (124 bytes).
    Removing lcd.o(i.draw_Bmp8x8), (74 bytes).
    Removing lcd.o(i.draw_LCD), (48 bytes).
    Removing lcd.o(i.printC_5x7), (80 bytes).
    Removing lcd.o(i.printS_5x7), (42 bytes).
    Removing lcd.o(i.print_Line), (36 bytes).
    Removing draw2d.o(.rev16_text), (4 bytes).
    Removing draw2d.o(.revsh_text), (4 bytes).
    Removing draw2d.o(i.draw_Circle), (206 bytes).
    Removing draw2d.o(i.draw_Rectangle), (126 bytes).
    Removing draw2d.o(i.draw_Triangle), (60 bytes).
    Removing draw2d.o(i.fill_Rectangle), (66 bytes).
    Removing seven_segment.o(i.__ARM_common_switch8), (26 bytes).

119 unused section(s) (total 5424 bytes) removed from the image.

==============================================================================

Image Symbol Table

    Local Symbols

    Symbol Name                              Value     Ov Type        Size  Object(Section)

    RESET                                    0x00000000   Section      192  startup_nuc100series.o(RESET)
    ../clib/microlib/division.c              0x00000000   Number         0  idiv.o ABSOLUTE
    ../clib/microlib/division.c              0x00000000   Number         0  uidiv.o ABSOLUTE
    ../clib/microlib/init/entry.s            0x00000000   Number         0  entry.o ABSOLUTE
    ../clib/microlib/init/entry.s            0x00000000   Number         0  entry11b.o ABSOLUTE
    ../clib/microlib/init/entry.s            0x00000000   Number         0  entry11a.o ABSOLUTE
    ../clib/microlib/init/entry.s            0x00000000   Number         0  entry10b.o ABSOLUTE
    ../clib/microlib/init/entry.s            0x00000000   Number         0  entry10a.o ABSOLUTE
    ../clib/microlib/init/entry.s            0x00000000   Number         0  entry9b.o ABSOLUTE
    ../clib/microlib/init/entry.s            0x00000000   Number         0  entry8b.o ABSOLUTE
    ../clib/microlib/init/entry.s            0x00000000   Number         0  entry8a.o ABSOLUTE
    ../clib/microlib/init/entry.s            0x00000000   Number         0  entry7b.o ABSOLUTE
    ../clib/microlib/init/entry.s            0x00000000   Number         0  entry7a.o ABSOLUTE
    ../clib/microlib/init/entry.s            0x00000000   Number         0  entry5.o ABSOLUTE
    ../clib/microlib/init/entry.s            0x00000000   Number         0  entry2.o ABSOLUTE
    ../clib/microlib/init/entry.s            0x00000000   Number         0  entry9a.o ABSOLUTE
    ../clib/microlib/stdlib/rand.c           0x00000000   Number         0  rand.o ABSOLUTE
    ../clib/microlib/string/strlen.c         0x00000000   Number         0  strlen.o ABSOLUTE
    ..\Library\Device\Nuvoton\NUC100Series\Source\ARM\startup_NUC100Series.s 0x00000000   Number         0  startup_nuc100series.o ABSOLUTE
    ..\Library\Device\Nuvoton\NUC100Series\Source\system_NUC100Series.c 0x00000000   Number         0  system_nuc100series.o ABSOLUTE
    ..\Library\Nu-LB-NUC140\Source\Draw2D.c  0x00000000   Number         0  draw2d.o ABSOLUTE
    ..\Library\Nu-LB-NUC140\Source\LCD.c     0x00000000   Number         0  lcd.o ABSOLUTE
    ..\Library\Nu-LB-NUC140\Source\SYS_init.c 0x00000000   Number         0  sys_init.o ABSOLUTE
    ..\Library\Nu-LB-NUC140\Source\Scankey.c 0x00000000   Number         0  scankey_1.o ABSOLUTE
    ..\Library\Nu-LB-NUC140\Source\Seven_Segment.c 0x00000000   Number         0  seven_segment.o ABSOLUTE
    ..\Library\StdDriver\src\adc.c           0x00000000   Number         0  adc.o ABSOLUTE
    ..\Library\StdDriver\src\clk.c           0x00000000   Number         0  clk.o ABSOLUTE
    ..\Library\StdDriver\src\gpio.c          0x00000000   Number         0  gpio.o ABSOLUTE
    ..\Library\StdDriver\src\spi.c           0x00000000   Number         0  spi.o ABSOLUTE
    ..\Library\StdDriver\src\sys.c           0x00000000   Number         0  sys.o ABSOLUTE
    ..\Library\StdDriver\src\uart.c          0x00000000   Number         0  uart.o ABSOLUTE
    ..\\Library\\Device\\Nuvoton\\NUC100Series\\Source\\system_NUC100Series.c 0x00000000   Number         0  system_nuc100series.o ABSOLUTE
    ..\\Library\\Nu-LB-NUC140\\Source\\Draw2D.c 0x00000000   Number         0  draw2d.o ABSOLUTE
    ..\\Library\\Nu-LB-NUC140\\Source\\LCD.c 0x00000000   Number         0  lcd.o ABSOLUTE
    ..\\Library\\Nu-LB-NUC140\\Source\\SYS_init.c 0x00000000   Number         0  sys_init.o ABSOLUTE
    ..\\Library\\Nu-LB-NUC140\\Source\\Scankey.c 0x00000000   Number         0  scankey_1.o ABSOLUTE
    ..\\Library\\Nu-LB-NUC140\\Source\\Seven_Segment.c 0x00000000   Number         0  seven_segment.o ABSOLUTE
    ..\\Library\\StdDriver\\src\\adc.c       0x00000000   Number         0  adc.o ABSOLUTE
    ..\\Library\\StdDriver\\src\\clk.c       0x00000000   Number         0  clk.o ABSOLUTE
    ..\\Library\\StdDriver\\src\\gpio.c      0x00000000   Number         0  gpio.o ABSOLUTE
    ..\\Library\\StdDriver\\src\\spi.c       0x00000000   Number         0  spi.o ABSOLUTE
    ..\\Library\\StdDriver\\src\\sys.c       0x00000000   Number         0  sys.o ABSOLUTE
    ..\\Library\\StdDriver\\src\\uart.c      0x00000000   Number         0  uart.o ABSOLUTE
    ..\\main.c                               0x00000000   Number         0  main.o ABSOLUTE
    ..\main.c                                0x00000000   Number         0  main.o ABSOLUTE
    handlers.s                               0x00000000   Number         0  handlers.o ABSOLUTE
    init.s                                   0x00000000   Number         0  init.o ABSOLUTE
    .ARM.Collect$$$$00000000                 0x000000c0   Section        0  entry.o(.ARM.Collect$$$$00000000)
    .ARM.Collect$$$$00000001                 0x000000c0   Section        4  entry2.o(.ARM.Collect$$$$00000001)
    .ARM.Collect$$$$00000004                 0x000000c4   Section        4  entry5.o(.ARM.Collect$$$$00000004)
    .ARM.Collect$$$$00000008                 0x000000c8   Section        0  entry7b.o(.ARM.Collect$$$$00000008)
    .ARM.Collect$$$$0000000A                 0x000000c8   Section        0  entry8b.o(.ARM.Collect$$$$0000000A)
    .ARM.Collect$$$$0000000B                 0x000000c8   Section        8  entry9a.o(.ARM.Collect$$$$0000000B)
    .ARM.Collect$$$$0000000D                 0x000000d0   Section        0  entry10a.o(.ARM.Collect$$$$0000000D)
    .ARM.Collect$$$$0000000F                 0x000000d0   Section        0  entry11a.o(.ARM.Collect$$$$0000000F)
    .ARM.Collect$$$$00002712                 0x000000d0   Section        4  entry2.o(.ARM.Collect$$$$00002712)
    __lit__00000000                          0x000000d0   Data           4  entry2.o(.ARM.Collect$$$$00002712)
    .text                                    0x000000d4   Section       76  startup_nuc100series.o(.text)
    Default_Handler                          0x000000ff   Thumb Code     2  startup_nuc100series.o(.text)
    .text                                    0x00000120   Section        0  uidiv.o(.text)
    .text                                    0x0000014c   Section        0  idiv.o(.text)
    .text                                    0x00000174   Section        0  rand.o(.text)
    .text                                    0x00000198   Section        0  strlen.o(.text)
    .text                                    0x000001a8   Section       36  init.o(.text)
    i.ADC_EnableInt                          0x000001cc   Section        0  adc.o(i.ADC_EnableInt)
    i.ADC_IRQHandler                         0x000001f0   Section        0  main.o(i.ADC_IRQHandler)
    i.ADC_Open                               0x00000214   Section        0  adc.o(i.ADC_Open)
    i.Buzz                                   0x00000234   Section        0  main.o(i.Buzz)
    i.CLK_EnableModuleClock                  0x0000025c   Section        0  clk.o(i.CLK_EnableModuleClock)
    i.CLK_EnablePLL                          0x0000028c   Section        0  clk.o(i.CLK_EnablePLL)
    i.CLK_EnableXtalRC                       0x00000424   Section        0  clk.o(i.CLK_EnableXtalRC)
    i.CLK_GetHCLKFreq                        0x00000434   Section        0  clk.o(i.CLK_GetHCLKFreq)
    i.CLK_GetPLLClockFreq                    0x00000444   Section        0  spi.o(i.CLK_GetPLLClockFreq)
    CLK_GetPLLClockFreq                      0x00000445   Thumb Code    70  spi.o(i.CLK_GetPLLClockFreq)
    i.CLK_SetCoreClock                       0x0000049c   Section        0  clk.o(i.CLK_SetCoreClock)
    i.CLK_SetHCLK                            0x00000514   Section        0  clk.o(i.CLK_SetHCLK)
    i.CLK_SetModuleClock                     0x0000055c   Section        0  clk.o(i.CLK_SetModuleClock)
    i.CLK_SysTickDelay                       0x00000628   Section        0  main.o(i.CLK_SysTickDelay)
    CLK_SysTickDelay                         0x00000629   Thumb Code    28  main.o(i.CLK_SysTickDelay)
    i.CLK_WaitClockReady                     0x0000064c   Section        0  clk.o(i.CLK_WaitClockReady)
    i.Evaluate                               0x00000678   Section        0  main.o(i.Evaluate)
    i.Execute                                0x00000784   Section        0  main.o(i.Execute)
    i.GPIO_SetMode                           0x000007ac   Section        0  gpio.o(i.GPIO_SetMode)
    i.InitBuzzer                             0x000007d4   Section        0  main.o(i.InitBuzzer)
    i.Init_ADC                               0x000007e8   Section        0  main.o(i.Init_ADC)
    i.KeyPadRisingEdge                       0x00000824   Section        0  main.o(i.KeyPadRisingEdge)
    i.ResetState                             0x00000858   Section        0  main.o(i.ResetState)
    i.SPI_DisableAutoSS                      0x00000898   Section        0  spi.o(i.SPI_DisableAutoSS)
    i.SPI_Open                               0x000008a4   Section        0  spi.o(i.SPI_Open)
    i.SYS_Init                               0x00000a10   Section        0  sys_init.o(i.SYS_Init)
    i.ScanKey                                0x00000ab0   Section        0  scankey_1.o(i.ScanKey)
    i.Show                                   0x00000b3c   Section        0  main.o(i.Show)
    i.SystemCoreClockUpdate                  0x00000c30   Section        0  system_nuc100series.o(i.SystemCoreClockUpdate)
    i.SystemInit                             0x00000cc0   Section        0  system_nuc100series.o(i.SystemInit)
    i.__scatterload_copy                     0x00000cc2   Section       14  handlers.o(i.__scatterload_copy)
    i.__scatterload_null                     0x00000cd0   Section        2  handlers.o(i.__scatterload_null)
    i.__scatterload_zeroinit                 0x00000cd2   Section       14  handlers.o(i.__scatterload_zeroinit)
    i.clear_LCD                              0x00000ce0   Section        0  lcd.o(i.clear_LCD)
    i.draw_Line                              0x00000d34   Section        0  draw2d.o(i.draw_Line)
    i.draw_Pixel                             0x00000de8   Section        0  lcd.o(i.draw_Pixel)
    i.handleCollision                        0x00000e30   Section        0  main.o(i.handleCollision)
    i.init_LCD                               0x00000ee0   Section        0  lcd.o(i.init_LCD)
    i.init_SPI3                              0x00000f08   Section        0  lcd.o(i.init_SPI3)
    i.lcdSetAddr                             0x00000f2c   Section        0  lcd.o(i.lcdSetAddr)
    i.lcdWriteCommand                        0x00000f9c   Section        0  lcd.o(i.lcdWriteCommand)
    i.lcdWriteData                           0x00000fc4   Section        0  lcd.o(i.lcdWriteData)
    i.main                                   0x00000ff0   Section        0  main.o(i.main)
    i.printC                                 0x0000102c   Section        0  lcd.o(i.printC)
    i.printS                                 0x00001088   Section        0  lcd.o(i.printS)
    .constdata                               0x000010b4   Section       56  clk.o(.constdata)
    .data                                    0x20000000   Section       44  system_nuc100series.o(.data)
    .data                                    0x2000002c   Section       44  main.o(.data)
    last_state                               0x2000002e   Data           1  main.o(.data)
    .data                                    0x20000058   Section     2000  lcd.o(.data)
    Font5x7                                  0x20000058   Data         480  lcd.o(.data)
    .data                                    0x20000828   Section        4  rand.o(.data)
    _rand_state                              0x20000828   Data           4  rand.o(.data)
    .bss                                     0x2000082c   Section     1024  lcd.o(.bss)
    STACK                                    0x20000c30   Section     1024  startup_nuc100series.o(STACK)

    Global Symbols

    Symbol Name                              Value     Ov Type        Size  Object(Section)

    BuildAttributes$$THM_ISAv3M$S$PE$A:L22$X:L11$S22$IEEE1$IW$USESV6$~STKCKD$USESV7$~SHL$OSPACE$EBA8$MICROLIB$REQ8$PRES8$EABIv2 0x00000000   Number         0  anon$$obj.o ABSOLUTE
    __ARM_use_no_argv                        0x00000000   Number         0  main.o ABSOLUTE
    __Vectors                                0x00000000   Data           4  startup_nuc100series.o(RESET)
    __cpp_initialize__aeabi_                  - Undefined Weak Reference
    __cxa_finalize                            - Undefined Weak Reference
    __decompress                              - Undefined Weak Reference
    _clock_init                               - Undefined Weak Reference
    _microlib_exit                            - Undefined Weak Reference
    __main                                   0x000000c1   Thumb Code     0  entry.o(.ARM.Collect$$$$00000000)
    _main_stk                                0x000000c1   Thumb Code     0  entry2.o(.ARM.Collect$$$$00000001)
    _main_scatterload                        0x000000c5   Thumb Code     0  entry5.o(.ARM.Collect$$$$00000004)
    __main_after_scatterload                 0x000000c9   Thumb Code     0  entry5.o(.ARM.Collect$$$$00000004)
    _main_clock                              0x000000c9   Thumb Code     0  entry7b.o(.ARM.Collect$$$$00000008)
    _main_cpp_init                           0x000000c9   Thumb Code     0  entry8b.o(.ARM.Collect$$$$0000000A)
    _main_init                               0x000000c9   Thumb Code     0  entry9a.o(.ARM.Collect$$$$0000000B)
    __rt_final_cpp                           0x000000d1   Thumb Code     0  entry10a.o(.ARM.Collect$$$$0000000D)
    __rt_final_exit                          0x000000d1   Thumb Code     0  entry11a.o(.ARM.Collect$$$$0000000F)
    Reset_Handler                            0x000000d5   Thumb Code    32  startup_nuc100series.o(.text)
    NMI_Handler                              0x000000f5   Thumb Code     2  startup_nuc100series.o(.text)
    HardFault_Handler                        0x000000f7   Thumb Code     2  startup_nuc100series.o(.text)
    SVC_Handler                              0x000000f9   Thumb Code     2  startup_nuc100series.o(.text)
    PendSV_Handler                           0x000000fb   Thumb Code     2  startup_nuc100series.o(.text)
    SysTick_Handler                          0x000000fd   Thumb Code     2  startup_nuc100series.o(.text)
    ACMP_IRQHandler                          0x000000ff   Thumb Code     0  startup_nuc100series.o(.text)
    BOD_IRQHandler                           0x000000ff   Thumb Code     0  startup_nuc100series.o(.text)
    CAN0_IRQHandler                          0x000000ff   Thumb Code     0  startup_nuc100series.o(.text)
    CAN1_IRQHandler                          0x000000ff   Thumb Code     0  startup_nuc100series.o(.text)
    EINT0_IRQHandler                         0x000000ff   Thumb Code     0  startup_nuc100series.o(.text)
    EINT1_IRQHandler                         0x000000ff   Thumb Code     0  startup_nuc100series.o(.text)
    GPAB_IRQHandler                          0x000000ff   Thumb Code     0  startup_nuc100series.o(.text)
    GPCDEF_IRQHandler                        0x000000ff   Thumb Code     0  startup_nuc100series.o(.text)
    I2C0_IRQHandler                          0x000000ff   Thumb Code     0  startup_nuc100series.o(.text)
    I2C1_IRQHandler                          0x000000ff   Thumb Code     0  startup_nuc100series.o(.text)
    I2S_IRQHandler                           0x000000ff   Thumb Code     0  startup_nuc100series.o(.text)
    PDMA_IRQHandler                          0x000000ff   Thumb Code     0  startup_nuc100series.o(.text)
    PS2_IRQHandler                           0x000000ff   Thumb Code     0  startup_nuc100series.o(.text)
    PWMA_IRQHandler                          0x000000ff   Thumb Code     0  startup_nuc100series.o(.text)
    PWMB_IRQHandler                          0x000000ff   Thumb Code     0  startup_nuc100series.o(.text)
    PWRWU_IRQHandler                         0x000000ff   Thumb Code     0  startup_nuc100series.o(.text)
    RTC_IRQHandler                           0x000000ff   Thumb Code     0  startup_nuc100series.o(.text)
    SC012_IRQHandler                         0x000000ff   Thumb Code     0  startup_nuc100series.o(.text)
    SPI0_IRQHandler                          0x000000ff   Thumb Code     0  startup_nuc100series.o(.text)
    SPI1_IRQHandler                          0x000000ff   Thumb Code     0  startup_nuc100series.o(.text)
    SPI2_IRQHandler                          0x000000ff   Thumb Code     0  startup_nuc100series.o(.text)
    SPI3_IRQHandler                          0x000000ff   Thumb Code     0  startup_nuc100series.o(.text)
    TMR0_IRQHandler                          0x000000ff   Thumb Code     0  startup_nuc100series.o(.text)
    TMR1_IRQHandler                          0x000000ff   Thumb Code     0  startup_nuc100series.o(.text)
    TMR2_IRQHandler                          0x000000ff   Thumb Code     0  startup_nuc100series.o(.text)
    TMR3_IRQHandler                          0x000000ff   Thumb Code     0  startup_nuc100series.o(.text)
    UART02_IRQHandler                        0x000000ff   Thumb Code     0  startup_nuc100series.o(.text)
    UART1_IRQHandler                         0x000000ff   Thumb Code     0  startup_nuc100series.o(.text)
    USBD_IRQHandler                          0x000000ff   Thumb Code     0  startup_nuc100series.o(.text)
    WDT_IRQHandler                           0x000000ff   Thumb Code     0  startup_nuc100series.o(.text)
    __aeabi_uidiv                            0x00000121   Thumb Code     0  uidiv.o(.text)
    __aeabi_uidivmod                         0x00000121   Thumb Code    44  uidiv.o(.text)
    __aeabi_idiv                             0x0000014d   Thumb Code     0  idiv.o(.text)
    __aeabi_idivmod                          0x0000014d   Thumb Code    40  idiv.o(.text)
    rand                                     0x00000175   Thumb Code    18  rand.o(.text)
    srand                                    0x00000187   Thumb Code     6  rand.o(.text)
    strlen                                   0x00000199   Thumb Code    14  strlen.o(.text)
    __scatterload                            0x000001a9   Thumb Code    28  init.o(.text)
    __scatterload_rt2                        0x000001a9   Thumb Code     0  init.o(.text)
    ADC_EnableInt                            0x000001cd   Thumb Code    36  adc.o(i.ADC_EnableInt)
    ADC_IRQHandler                           0x000001f1   Thumb Code    28  main.o(i.ADC_IRQHandler)
    ADC_Open                                 0x00000215   Thumb Code    26  adc.o(i.ADC_Open)
    Buzz                                     0x00000235   Thumb Code    32  main.o(i.Buzz)
    CLK_EnableModuleClock                    0x0000025d   Thumb Code    40  clk.o(i.CLK_EnableModuleClock)
    CLK_EnablePLL                            0x0000028d   Thumb Code   348  clk.o(i.CLK_EnablePLL)
    CLK_EnableXtalRC                         0x00000425   Thumb Code    10  clk.o(i.CLK_EnableXtalRC)
    CLK_GetHCLKFreq                          0x00000435   Thumb Code    12  clk.o(i.CLK_GetHCLKFreq)
    CLK_SetCoreClock                         0x0000049d   Thumb Code   112  clk.o(i.CLK_SetCoreClock)
    CLK_SetHCLK                              0x00000515   Thumb Code    66  clk.o(i.CLK_SetHCLK)
    CLK_SetModuleClock                       0x0000055d   Thumb Code   180  clk.o(i.CLK_SetModuleClock)
    CLK_WaitClockReady                       0x0000064d   Thumb Code    34  clk.o(i.CLK_WaitClockReady)
    Evaluate                                 0x00000679   Thumb Code   262  main.o(i.Evaluate)
    Execute                                  0x00000785   Thumb Code    36  main.o(i.Execute)
    GPIO_SetMode                             0x000007ad   Thumb Code    40  gpio.o(i.GPIO_SetMode)
    InitBuzzer                               0x000007d5   Thumb Code    14  main.o(i.InitBuzzer)
    Init_ADC                                 0x000007e9   Thumb Code    50  main.o(i.Init_ADC)
    KeyPadRisingEdge                         0x00000825   Thumb Code    44  main.o(i.KeyPadRisingEdge)
    ResetState                               0x00000859   Thumb Code    58  main.o(i.ResetState)
    SPI_DisableAutoSS                        0x00000899   Thumb Code    10  spi.o(i.SPI_DisableAutoSS)
    SPI_Open                                 0x000008a5   Thumb Code   348  spi.o(i.SPI_Open)
    SYS_Init                                 0x00000a11   Thumb Code   138  sys_init.o(i.SYS_Init)
    ScanKey                                  0x00000ab1   Thumb Code   136  scankey_1.o(i.ScanKey)
    Show                                     0x00000b3d   Thumb Code   220  main.o(i.Show)
    SystemCoreClockUpdate                    0x00000c31   Thumb Code   118  system_nuc100series.o(i.SystemCoreClockUpdate)
    SystemInit                               0x00000cc1   Thumb Code     2  system_nuc100series.o(i.SystemInit)
    __scatterload_copy                       0x00000cc3   Thumb Code    14  handlers.o(i.__scatterload_copy)
    __scatterload_null                       0x00000cd1   Thumb Code     2  handlers.o(i.__scatterload_null)
    __scatterload_zeroinit                   0x00000cd3   Thumb Code    14  handlers.o(i.__scatterload_zeroinit)
    clear_LCD                                0x00000ce1   Thumb Code    78  lcd.o(i.clear_LCD)
    draw_Line                                0x00000d35   Thumb Code   180  draw2d.o(i.draw_Line)
    draw_Pixel                               0x00000de9   Thumb Code    66  lcd.o(i.draw_Pixel)
    handleCollision                          0x00000e31   Thumb Code   170  main.o(i.handleCollision)
    init_LCD                                 0x00000ee1   Thumb Code    38  lcd.o(i.init_LCD)
    init_SPI3                                0x00000f09   Thumb Code    28  lcd.o(i.init_SPI3)
    lcdSetAddr                               0x00000f2d   Thumb Code   106  lcd.o(i.lcdSetAddr)
    lcdWriteCommand                          0x00000f9d   Thumb Code    36  lcd.o(i.lcdWriteCommand)
    lcdWriteData                             0x00000fc5   Thumb Code    40  lcd.o(i.lcdWriteData)
    main                                     0x00000ff1   Thumb Code    52  main.o(i.main)
    printC                                   0x0000102d   Thumb Code    88  lcd.o(i.printC)
    printS                                   0x00001089   Thumb Code    42  lcd.o(i.printS)
    Region$$Table$$Base                      0x000010ec   Number         0  anon$$obj.o(Region$$Table)
    Region$$Table$$Limit                     0x0000110c   Number         0  anon$$obj.o(Region$$Table)
    SystemCoreClock                          0x20000000   Data           4  system_nuc100series.o(.data)
    CyclesPerUs                              0x20000004   Data           4  system_nuc100series.o(.data)
    PllClock                                 0x20000008   Data           4  system_nuc100series.o(.data)
    gau32ClkSrcTbl                           0x2000000c   Data          32  system_nuc100series.o(.data)
    started                                  0x2000002c   Data           1  main.o(.data)
    gameover                                 0x2000002d   Data           1  main.o(.data)
    uval                                     0x20000030   Data           2  main.o(.data)
    sx                                       0x20000034   Data           4  main.o(.data)
    sy                                       0x20000038   Data           4  main.o(.data)
    svx                                      0x2000003c   Data           4  main.o(.data)
    svy                                      0x20000040   Data           4  main.o(.data)
    bx                                       0x20000044   Data           4  main.o(.data)
    by                                       0x20000048   Data           4  main.o(.data)
    bvx                                      0x2000004c   Data           4  main.o(.data)
    ux                                       0x20000050   Data           4  main.o(.data)
    uy                                       0x20000054   Data           4  main.o(.data)
    Font8x16                                 0x20000238   Data        1520  lcd.o(.data)
    DisplayBuffer                            0x2000082c   Data        1024  lcd.o(.bss)
    __initial_sp                             0x20001030   Data           0  startup_nuc100series.o(STACK)



==============================================================================

Memory Map of the image

  Image Entry point : 0x000000d5

  Load Region LR_1 (Base: 0x00000000, Size: 0x00001938, Max: 0xffffffff, ABSOLUTE)

    Execution Region ER_RO (Exec base: 0x00000000, Load base: 0x00000000, Size: 0x0000110c, Max: 0xffffffff, ABSOLUTE)

    Exec Addr    Load Addr    Size         Type   Attr      Idx    E Section Name        Object

    0x00000000   0x00000000   0x000000c0   Data   RO          114    RESET               startup_nuc100series.o
    0x000000c0   0x000000c0   0x00000000   Code   RO         1178  * .ARM.Collect$$$$00000000  mc_p.l(entry.o)
    0x000000c0   0x000000c0   0x00000004   Code   RO         1188    .ARM.Collect$$$$00000001  mc_p.l(entry2.o)
    0x000000c4   0x000000c4   0x00000004   Code   RO         1191    .ARM.Collect$$$$00000004  mc_p.l(entry5.o)
    0x000000c8   0x000000c8   0x00000000   Code   RO         1193    .ARM.Collect$$$$00000008  mc_p.l(entry7b.o)
    0x000000c8   0x000000c8   0x00000000   Code   RO         1195    .ARM.Collect$$$$0000000A  mc_p.l(entry8b.o)
    0x000000c8   0x000000c8   0x00000008   Code   RO         1196    .ARM.Collect$$$$0000000B  mc_p.l(entry9a.o)
    0x000000d0   0x000000d0   0x00000000   Code   RO         1198    .ARM.Collect$$$$0000000D  mc_p.l(entry10a.o)
    0x000000d0   0x000000d0   0x00000000   Code   RO         1200    .ARM.Collect$$$$0000000F  mc_p.l(entry11a.o)
    0x000000d0   0x000000d0   0x00000004   Code   RO         1189    .ARM.Collect$$$$00002712  mc_p.l(entry2.o)
    0x000000d4   0x000000d4   0x0000004c   Code   RO          115  * .text               startup_nuc100series.o
    0x00000120   0x00000120   0x0000002c   Code   RO         1179    .text               mc_p.l(uidiv.o)
    0x0000014c   0x0000014c   0x00000028   Code   RO         1181    .text               mc_p.l(idiv.o)
    0x00000174   0x00000174   0x00000024   Code   RO         1183    .text               mc_p.l(rand.o)
    0x00000198   0x00000198   0x0000000e   Code   RO         1186    .text               mc_p.l(strlen.o)
    0x000001a6   0x000001a6   0x00000002   PAD
    0x000001a8   0x000001a8   0x00000024   Code   RO         1202    .text               mc_p.l(init.o)
    0x000001cc   0x000001cc   0x00000024   Code   RO          707    i.ADC_EnableInt     adc.o
    0x000001f0   0x000001f0   0x00000024   Code   RO          753    i.ADC_IRQHandler    main.o
    0x00000214   0x00000214   0x00000020   Code   RO          708    i.ADC_Open          adc.o
    0x00000234   0x00000234   0x00000028   Code   RO          754    i.Buzz              main.o
    0x0000025c   0x0000025c   0x00000030   Code   RO          127    i.CLK_EnableModuleClock  clk.o
    0x0000028c   0x0000028c   0x00000198   Code   RO          128    i.CLK_EnablePLL     clk.o
    0x00000424   0x00000424   0x00000010   Code   RO          130    i.CLK_EnableXtalRC  clk.o
    0x00000434   0x00000434   0x00000010   Code   RO          132    i.CLK_GetHCLKFreq   clk.o
    0x00000444   0x00000444   0x00000058   Code   RO          484    i.CLK_GetPLLClockFreq  spi.o
    0x0000049c   0x0000049c   0x00000078   Code   RO          138    i.CLK_SetCoreClock  clk.o
    0x00000514   0x00000514   0x00000048   Code   RO          139    i.CLK_SetHCLK       clk.o
    0x0000055c   0x0000055c   0x000000cc   Code   RO          140    i.CLK_SetModuleClock  clk.o
    0x00000628   0x00000628   0x00000024   Code   RO          755    i.CLK_SysTickDelay  main.o
    0x0000064c   0x0000064c   0x0000002c   Code   RO          142    i.CLK_WaitClockReady  clk.o
    0x00000678   0x00000678   0x0000010c   Code   RO          756    i.Evaluate          main.o
    0x00000784   0x00000784   0x00000028   Code   RO          757    i.Execute           main.o
    0x000007ac   0x000007ac   0x00000028   Code   RO          274    i.GPIO_SetMode      gpio.o
    0x000007d4   0x000007d4   0x00000014   Code   RO          758    i.InitBuzzer        main.o
    0x000007e8   0x000007e8   0x0000003c   Code   RO          759    i.Init_ADC          main.o
    0x00000824   0x00000824   0x00000034   Code   RO          760    i.KeyPadRisingEdge  main.o
    0x00000858   0x00000858   0x00000040   Code   RO          761    i.ResetState        main.o
    0x00000898   0x00000898   0x0000000a   Code   RO          489    i.SPI_DisableAutoSS  spi.o
    0x000008a2   0x000008a2   0x00000002   PAD
    0x000008a4   0x000008a4   0x0000016c   Code   RO          498    i.SPI_Open          spi.o
    0x00000a10   0x00000a10   0x000000a0   Code   RO          910    i.SYS_Init          sys_init.o
    0x00000ab0   0x00000ab0   0x0000008c   Code   RO          308    i.ScanKey           scankey_1.o
    0x00000b3c   0x00000b3c   0x000000f4   Code   RO          762    i.Show              main.o
    0x00000c30   0x00000c30   0x00000090   Code   RO            3    i.SystemCoreClockUpdate  system_nuc100series.o
    0x00000cc0   0x00000cc0   0x00000002   Code   RO            4    i.SystemInit        system_nuc100series.o
    0x00000cc2   0x00000cc2   0x0000000e   Code   RO         1206    i.__scatterload_copy  mc_p.l(handlers.o)
    0x00000cd0   0x00000cd0   0x00000002   Code   RO         1207    i.__scatterload_null  mc_p.l(handlers.o)
    0x00000cd2   0x00000cd2   0x0000000e   Code   RO         1208    i.__scatterload_zeroinit  mc_p.l(handlers.o)
    0x00000ce0   0x00000ce0   0x00000054   Code   RO          939    i.clear_LCD         lcd.o
    0x00000d34   0x00000d34   0x000000b4   Code   RO         1137    i.draw_Line         draw2d.o
    0x00000de8   0x00000de8   0x00000048   Code   RO          957    i.draw_Pixel        lcd.o
    0x00000e30   0x00000e30   0x000000b0   Code   RO          763    i.handleCollision   main.o
    0x00000ee0   0x00000ee0   0x00000026   Code   RO          958    i.init_LCD          lcd.o
    0x00000f06   0x00000f06   0x00000002   PAD
    0x00000f08   0x00000f08   0x00000024   Code   RO          959    i.init_SPI3         lcd.o
    0x00000f2c   0x00000f2c   0x00000070   Code   RO          960    i.lcdSetAddr        lcd.o
    0x00000f9c   0x00000f9c   0x00000028   Code   RO          961    i.lcdWriteCommand   lcd.o
    0x00000fc4   0x00000fc4   0x0000002c   Code   RO          962    i.lcdWriteData      lcd.o
    0x00000ff0   0x00000ff0   0x0000003c   Code   RO          764    i.main              main.o
    0x0000102c   0x0000102c   0x0000005c   Code   RO          963    i.printC            lcd.o
    0x00001088   0x00001088   0x0000002a   Code   RO          965    i.printS            lcd.o
    0x000010b2   0x000010b2   0x00000002   PAD
    0x000010b4   0x000010b4   0x00000038   Data   RO          143    .constdata          clk.o
    0x000010ec   0x000010ec   0x00000020   Data   RO         1204    Region$$Table       anon$$obj.o


    Execution Region ER_RW (Exec base: 0x20000000, Load base: 0x0000110c, Size: 0x0000082c, Max: 0xffffffff, ABSOLUTE)

    Exec Addr    Load Addr    Size         Type   Attr      Idx    E Section Name        Object

    0x20000000   0x0000110c   0x0000002c   Data   RW            5    .data               system_nuc100series.o
    0x2000002c   0x00001138   0x0000002c   Data   RW          765    .data               main.o
    0x20000058   0x00001164   0x000007d0   Data   RW          969    .data               lcd.o
    0x20000828   0x00001934   0x00000004   Data   RW         1184    .data               mc_p.l(rand.o)


    Execution Region ER_ZI (Exec base: 0x2000082c, Load base: 0x00001938, Size: 0x00000804, Max: 0xffffffff, ABSOLUTE)

    Exec Addr    Load Addr    Size         Type   Attr      Idx    E Section Name        Object

    0x2000082c        -       0x00000400   Zero   RW          968    .bss                lcd.o
    0x20000c2c   0x00001938   0x00000004   PAD
    0x20000c30        -       0x00000400   Zero   RW          112    STACK               startup_nuc100series.o


==============================================================================

Image component sizes


      Code (inc. data)   RO Data    RW Data    ZI Data      Debug   Object Name

        68          6          0          0          0       1471   adc.o
       928        126         56          0          0       6380   clk.o
       180          0          0          0          0       1412   draw2d.o
        40          0          0          0          0        955   gpio.o
       560         38          0       2000       1024       6393   lcd.o
      1096        102          0         44          0     107091   main.o
       140          4          0          0          0        762   scankey_1.o
       462         34          0          0          0       2843   spi.o
        76         32        192          0       1024        704   startup_nuc100series.o
       160         22          0          0          0      35059   sys_init.o
       146         26          0         44          0     117903   system_nuc100series.o

    ----------------------------------------------------------------------
      3862        390        280       2088       2052     280973   Object Totals
         0          0         32          0          0          0   (incl. Generated)
         6          0          0          0          4          0   (incl. Padding)

    ----------------------------------------------------------------------

      Code (inc. data)   RO Data    RW Data    ZI Data      Debug   Library Member Name

         0          0          0          0          0          0   entry.o
         0          0          0          0          0          0   entry10a.o
         0          0          0          0          0          0   entry11a.o
         8          4          0          0          0          0   entry2.o
         4          0          0          0          0          0   entry5.o
         0          0          0          0          0          0   entry7b.o
         0          0          0          0          0          0   entry8b.o
         8          4          0          0          0          0   entry9a.o
        30          0          0          0          0          0   handlers.o
        40          0          0          0          0         72   idiv.o
        36          8          0          0          0         68   init.o
        36         12          0          4          0        120   rand.o
        14          0          0          0          0         60   strlen.o
        44          0          0          0          0         72   uidiv.o

    ----------------------------------------------------------------------
       222         28          0          4          0        392   Library Totals
         2          0          0          0          0          0   (incl. Padding)

    ----------------------------------------------------------------------

      Code (inc. data)   RO Data    RW Data    ZI Data      Debug   Library Name

       220         28          0          4          0        392   mc_p.l

    ----------------------------------------------------------------------
       222         28          0          4          0        392   Library Totals

    ----------------------------------------------------------------------

==============================================================================


      Code (inc. data)   RO Data    RW Data    ZI Data      Debug   

      4084        418        280       2092       2052     279757   Grand Totals
      4084        418        280       2092       2052     279757   ELF Image Totals
      4084        418        280       2092          0          0   ROM Totals

==============================================================================

    Total RO  Size (Code + RO Data)                 4364 (   4.26kB)
    Total RW  Size (RW Data + ZI Data)              4144 (   4.05kB)
    Total ROM Size (Code + RO Data + RW Data)       6456 (   6.30kB)

==============================================================================

